Jul 28 10:15:44 wifo3-02 kernel: [1725049.854823] usb 3-11: new low-speed USB device number 5 using xhci_hcd
Jul 28 10:15:44 wifo3-02 kernel: [1725050.048597] usb 3-11: New USB device found, idVendor=0bf8, idProduct=101e
Jul 28 10:15:44 wifo3-02 kernel: [1725050.048603] usb 3-11: New USB device strings: Mfr=1, Product=2, SerialNumber=0
Jul 28 10:15:44 wifo3-02 kernel: [1725050.048606] usb 3-11: Product: Fujitsu Keyboard
Jul 28 10:15:44 wifo3-02 kernel: [1725050.048608] usb 3-11: Manufacturer: Fujitsu Technology Solutions GmbH
Jul 28 10:15:44 wifo3-02 kernel: [1725050.048767] usb 3-11: ep 0x81 - rounding interval to 64 microframes, ep desc says 80 microframes
Jul 28 10:15:44 wifo3-02 kernel: [1725050.048772] usb 3-11: ep 0x82 - rounding interval to 64 microframes, ep desc says 80 microframes
Jul 28 10:15:44 wifo3-02 kernel: [1725050.052707] input: Fujitsu Technology Solutions GmbH Fujitsu Keyboard as /devices/pci0000:00/0000:00:14.0/usb3/3-11/3-11:1.0/0003:0BF8:101E.0005/input/input7
Jul 28 10:15:44 wifo3-02 kernel: [1725050.052911] hid-generic 0003:0BF8:101E.0005: input,hidraw0: USB HID v1.10 Keyboard [Fujitsu Technology Solutions GmbH Fujitsu Keyboard] on usb-0000:00:14.0-11/input0
Jul 28 10:15:44 wifo3-02 kernel: [1725050.061045] input: Fujitsu Technology Solutions GmbH Fujitsu Keyboard as /devices/pci0000:00/0000:00:14.0/usb3/3-11/3-11:1.1/0003:0BF8:101E.0006/input/input8
Jul 28 10:15:44 wifo3-02 kernel: [1725050.061295] hid-generic 0003:0BF8:101E.0006: input,hiddev0,hidraw1: USB HID v1.10 Device [Fujitsu Technology Solutions GmbH Fujitsu Keyboard] on usb-0000:00:14.0-11/input1
Jul 28 10:39:41 wifo3-02 kernel: [    0.000000] Initializing cgroup subsys cpuset
Jul 28 10:39:41 wifo3-02 kernel: [    0.000000] Initializing cgroup subsys cpu
Jul 28 10:39:41 wifo3-02 kernel: [    0.000000] Initializing cgroup subsys cpuacct
Jul 28 10:39:41 wifo3-02 kernel: [    0.000000] Linux version 3.16.0-4-amd64 (debian-kernel@lists.debian.org) (gcc version 4.8.4 (Debian 4.8.4-1) ) #1 SMP Debian 3.16.7-ckt11-1 (2015-05-24)
Jul 28 10:39:41 wifo3-02 kernel: [    0.000000] Command line: BOOT_IMAGE=/boot/vmlinuz-3.16.0-4-amd64 root=UUID=d3f021fa-62f5-4011-a45c-1de59e358c76 ro quiet
Jul 28 10:39:41 wifo3-02 kernel: [    0.000000] e820: BIOS-provided physical RAM map:
Jul 28 10:39:41 wifo3-02 kernel: [    0.000000] BIOS-e820: [mem 0x0000000000000000-0x000000000009abff] usable
Jul 28 10:39:41 wifo3-02 kernel: [    0.000000] BIOS-e820: [mem 0x000000000009ac00-0x000000000009ffff] reserved
Jul 28 10:39:41 wifo3-02 kernel: [    0.000000] BIOS-e820: [mem 0x00000000000e0000-0x00000000000fffff] reserved
Jul 28 10:39:41 wifo3-02 kernel: [    0.000000] BIOS-e820: [mem 0x0000000000100000-0x0000000079417fff] usable
Jul 28 10:39:41 wifo3-02 kernel: [    0.000000] BIOS-e820: [mem 0x0000000079418000-0x0000000079a2dfff] reserved
Jul 28 10:39:41 wifo3-02 kernel: [    0.000000] BIOS-e820: [mem 0x0000000079a2e000-0x0000000079b51fff] usable
Jul 28 10:39:41 wifo3-02 kernel: [    0.000000] BIOS-e820: [mem 0x0000000079b52000-0x0000000079feefff] ACPI NVS
Jul 28 10:39:41 wifo3-02 kernel: [    0.000000] BIOS-e820: [mem 0x0000000079fef000-0x000000007bd52fff] reserved
Jul 28 10:39:41 wifo3-02 kernel: [    0.000000] BIOS-e820: [mem 0x000000007bd53000-0x000000007bd53fff] usable
Jul 28 10:39:41 wifo3-02 kernel: [    0.000000] BIOS-e820: [mem 0x000000007bd54000-0x000000007bdd9fff] reserved
Jul 28 10:39:41 wifo3-02 kernel: [    0.000000] BIOS-e820: [mem 0x000000007bdda000-0x000000007bffffff] usable
Jul 28 10:39:41 wifo3-02 kernel: [    0.000000] BIOS-e820: [mem 0x000000007c000000-0x000000008fffffff] reserved
Jul 28 10:39:41 wifo3-02 kernel: [    0.000000] BIOS-e820: [mem 0x00000000fed1c000-0x00000000fed1ffff] reserved
Jul 28 10:39:41 wifo3-02 kernel: [    0.000000] BIOS-e820: [mem 0x00000000ff000000-0x00000000ffffffff] reserved
Jul 28 10:39:41 wifo3-02 kernel: [    0.000000] BIOS-e820: [mem 0x0000000100000000-0x000000087fffffff] usable
Jul 28 10:39:41 wifo3-02 kernel: [    0.000000] NX (Execute Disable) protection: active
Jul 28 10:39:41 wifo3-02 kernel: [    0.000000] SMBIOS 2.8 present.
Jul 28 10:39:41 wifo3-02 kernel: [    0.000000] DMI: Supermicro X10DRi/X10DRI-T, BIOS 1.1 04/14/2015
Jul 28 10:39:41 wifo3-02 kernel: [    0.000000] e820: update [mem 0x00000000-0x00000fff] usable ==> reserved
Jul 28 10:39:41 wifo3-02 kernel: [    0.000000] e820: remove [mem 0x000a0000-0x000fffff] usable
Jul 28 10:39:41 wifo3-02 kernel: [    0.000000] AGP: No AGP bridge found
Jul 28 10:39:41 wifo3-02 kernel: [    0.000000] e820: last_pfn = 0x880000 max_arch_pfn = 0x400000000
Jul 28 10:39:41 wifo3-02 kernel: [    0.000000] MTRR default type: write-back
Jul 28 10:39:41 wifo3-02 kernel: [    0.000000] MTRR fixed ranges enabled:
Jul 28 10:39:41 wifo3-02 kernel: [    0.000000]   00000-9FFFF write-back
Jul 28 10:39:41 wifo3-02 kernel: [    0.000000]   A0000-BFFFF uncachable
Jul 28 10:39:41 wifo3-02 kernel: [    0.000000]   C0000-FFFFF write-protect
Jul 28 10:39:41 wifo3-02 kernel: [    0.000000] MTRR variable ranges enabled:
Jul 28 10:39:41 wifo3-02 kernel: [    0.000000]   0 base 000080000000 mask 3FFF80000000 uncachable
Jul 28 10:39:41 wifo3-02 kernel: [    0.000000]   1 base 380000000000 mask 3FC000000000 uncachable
Jul 28 10:39:41 wifo3-02 kernel: [    0.000000]   2 base 0000FBA00000 mask 3FFFFFE00000 write-through
Jul 28 10:39:41 wifo3-02 kernel: [    0.000000]   3 base 0000FBC00000 mask 3FFFFFE00000 write-through
Jul 28 10:39:41 wifo3-02 kernel: [    0.000000]   4 base 0000FBE00000 mask 3FFFFFF00000 write-through
Jul 28 10:39:41 wifo3-02 kernel: [    0.000000]   5 disabled
Jul 28 10:39:41 wifo3-02 kernel: [    0.000000]   6 disabled
Jul 28 10:39:41 wifo3-02 kernel: [    0.000000]   7 disabled
Jul 28 10:39:41 wifo3-02 kernel: [    0.000000]   8 disabled
Jul 28 10:39:41 wifo3-02 kernel: [    0.000000]   9 disabled
Jul 28 10:39:41 wifo3-02 kernel: [    0.000000] x86 PAT enabled: cpu 0, old 0x7040600070406, new 0x7010600070106
Jul 28 10:39:41 wifo3-02 kernel: [    0.000000] e820: last_pfn = 0x7c000 max_arch_pfn = 0x400000000
Jul 28 10:39:41 wifo3-02 kernel: [    0.000000] found SMP MP-table at [mem 0x000fd8b0-0x000fd8bf] mapped at [ffff8800000fd8b0]
Jul 28 10:39:41 wifo3-02 kernel: [    0.000000] Base memory trampoline at [ffff880000094000] 94000 size 24576
Jul 28 10:39:41 wifo3-02 kernel: [    0.000000] Using GB pages for direct mapping
Jul 28 10:39:41 wifo3-02 kernel: [    0.000000] init_memory_mapping: [mem 0x00000000-0x000fffff]
Jul 28 10:39:41 wifo3-02 kernel: [    0.000000]  [mem 0x00000000-0x000fffff] page 4k
Jul 28 10:39:41 wifo3-02 kernel: [    0.000000] BRK [0x01af4000, 0x01af4fff] PGTABLE
Jul 28 10:39:41 wifo3-02 kernel: [    0.000000] BRK [0x01af5000, 0x01af5fff] PGTABLE
Jul 28 10:39:41 wifo3-02 kernel: [    0.000000] BRK [0x01af6000, 0x01af6fff] PGTABLE
Jul 28 10:39:41 wifo3-02 kernel: [    0.000000] init_memory_mapping: [mem 0x87fe00000-0x87fffffff]
Jul 28 10:39:41 wifo3-02 kernel: [    0.000000]  [mem 0x87fe00000-0x87fffffff] page 1G
Jul 28 10:39:41 wifo3-02 kernel: [    0.000000] init_memory_mapping: [mem 0x87c000000-0x87fdfffff]
Jul 28 10:39:41 wifo3-02 kernel: [    0.000000]  [mem 0x87c000000-0x87fdfffff] page 1G
Jul 28 10:39:41 wifo3-02 kernel: [    0.000000] init_memory_mapping: [mem 0x800000000-0x87bffffff]
Jul 28 10:39:41 wifo3-02 kernel: [    0.000000]  [mem 0x800000000-0x87bffffff] page 1G
Jul 28 10:39:41 wifo3-02 kernel: [    0.000000] init_memory_mapping: [mem 0x00100000-0x79417fff]
Jul 28 10:39:41 wifo3-02 kernel: [    0.000000]  [mem 0x00100000-0x001fffff] page 4k
Jul 28 10:39:41 wifo3-02 kernel: [    0.000000]  [mem 0x00200000-0x793fffff] page 2M
Jul 28 10:39:41 wifo3-02 kernel: [    0.000000]  [mem 0x79400000-0x79417fff] page 4k
Jul 28 10:39:41 wifo3-02 kernel: [    0.000000] init_memory_mapping: [mem 0x79a2e000-0x79b51fff]
Jul 28 10:39:41 wifo3-02 kernel: [    0.000000]  [mem 0x79a2e000-0x79b51fff] page 4k
Jul 28 10:39:41 wifo3-02 kernel: [    0.000000] BRK [0x01af7000, 0x01af7fff] PGTABLE
Jul 28 10:39:41 wifo3-02 kernel: [    0.000000] init_memory_mapping: [mem 0x7bd53000-0x7bd53fff]
Jul 28 10:39:41 wifo3-02 kernel: [    0.000000]  [mem 0x7bd53000-0x7bd53fff] page 4k
Jul 28 10:39:41 wifo3-02 kernel: [    0.000000] BRK [0x01af8000, 0x01af8fff] PGTABLE
Jul 28 10:39:41 wifo3-02 kernel: [    0.000000] init_memory_mapping: [mem 0x7bdda000-0x7bffffff]
Jul 28 10:39:41 wifo3-02 kernel: [    0.000000]  [mem 0x7bdda000-0x7bdfffff] page 4k
Jul 28 10:39:41 wifo3-02 kernel: [    0.000000]  [mem 0x7be00000-0x7bffffff] page 2M
Jul 28 10:39:41 wifo3-02 kernel: [    0.000000] init_memory_mapping: [mem 0x100000000-0x7ffffffff]
Jul 28 10:39:41 wifo3-02 kernel: [    0.000000]  [mem 0x100000000-0x7ffffffff] page 1G
Jul 28 10:39:41 wifo3-02 kernel: [    0.000000] RAMDISK: [mem 0x362da000-0x37164fff]
Jul 28 10:39:41 wifo3-02 kernel: [    0.000000] ACPI: Early table checksum verification disabled
Jul 28 10:39:41 wifo3-02 kernel: [    0.000000] ACPI: RSDP 0x00000000000F0530 000024 (v02 ALASKA)
Jul 28 10:39:41 wifo3-02 kernel: [    0.000000] ACPI: XSDT 0x0000000079C690B0 0000E4 (v01 ALASKA A M I    01072009 AMI  00010013)
Jul 28 10:39:41 wifo3-02 kernel: [    0.000000] ACPI: FACP 0x0000000079C95648 00010C (v05 ALASKA A M I    01072009 AMI  00010013)
Jul 28 10:39:41 wifo3-02 kernel: [    0.000000] ACPI: DSDT 0x0000000079C69230 02C416 (v02 ALASKA A M I    01072009 INTL 20091013)
Jul 28 10:39:41 wifo3-02 kernel: [    0.000000] ACPI: FACS 0x0000000079FECF80 000040
Jul 28 10:39:41 wifo3-02 kernel: [    0.000000] ACPI: APIC 0x0000000079C95758 000100 (v03 ALASKA A M I    01072009 AMI  00010013)
Jul 28 10:39:41 wifo3-02 kernel: [    0.000000] ACPI: FPDT 0x0000000079C95858 000044 (v01 ALASKA A M I    01072009 AMI  00010013)
Jul 28 10:39:41 wifo3-02 kernel: [    0.000000] ACPI: FIDT 0x0000000079C958A0 00009C (v01 ALASKA A M I    01072009 AMI  00010013)
Jul 28 10:39:41 wifo3-02 kernel: [    0.000000] ACPI: SPMI 0x0000000079C95940 000040 (v05 ALASKA A M I    00000000 AMI. 00000000)
Jul 28 10:39:41 wifo3-02 kernel: [    0.000000] ACPI: MCFG 0x0000000079C95980 00003C (v01 ALASKA A M I    01072009 MSFT 00000097)
Jul 28 10:39:41 wifo3-02 kernel: [    0.000000] ACPI: UEFI 0x0000000079C959C0 000042 (v01 ALASKA A M I    01072009      00000000)
Jul 28 10:39:41 wifo3-02 kernel: [    0.000000] ACPI: MCEJ 0x0000000079C95A08 000130 (v01 INTEL           00000001 INTL 0100000D)
Jul 28 10:39:41 wifo3-02 kernel: [    0.000000] ACPI: BDAT 0x0000000079C95B38 000030 (v01 ALASKA A M I    00000000 INTL 20091013)
Jul 28 10:39:41 wifo3-02 kernel: [    0.000000] ACPI: HPET 0x0000000079C95B68 000038 (v01 ALASKA A M I    00000001 INTL 20091013)
Jul 28 10:39:41 wifo3-02 kernel: [    0.000000] ACPI: MSCT 0x0000000079C95BA0 000090 (v01 ALASKA A M I    00000001 INTL 20091013)
Jul 28 10:39:41 wifo3-02 kernel: [    0.000000] ACPI: PMCT 0x0000000079C95C30 000064 (v01 ALASKA A M I    00000000 INTL 20091013)
Jul 28 10:39:41 wifo3-02 kernel: [    0.000000] ACPI: SLIT 0x0000000079C95C98 00002D (v01 ALASKA A M I    00000001 INTL 20091013)
Jul 28 10:39:41 wifo3-02 kernel: [    0.000000] ACPI: SRAT 0x0000000079C95CC8 000E58 (v03 ALASKA A M I    00000001 INTL 20091013)
Jul 28 10:39:41 wifo3-02 kernel: [    0.000000] ACPI: WDDT 0x0000000079C96B20 000040 (v01 ALASKA A M I    00000000 INTL 20091013)
Jul 28 10:39:41 wifo3-02 kernel: [    0.000000] ACPI: SSDT 0x0000000079C96B60 00ED2F (v01 ALASKA PmMgt    00000001 INTL 20120913)
Jul 28 10:39:41 wifo3-02 kernel: [    0.000000] ACPI: SSDT 0x0000000079CA5890 00213C (v02 ALASKA SpsNm    00000002 INTL 20120913)
Jul 28 10:39:41 wifo3-02 kernel: [    0.000000] ACPI: SSDT 0x0000000079CA79D0 000064 (v02 ALASKA SpsNvs   00000002 INTL 20120913)
Jul 28 10:39:41 wifo3-02 kernel: [    0.000000] ACPI: PRAD 0x0000000079CA7A38 0000BF (v02 ALASKA A M I    00000002 INTL 20120913)
Jul 28 10:39:41 wifo3-02 kernel: [    0.000000] ACPI: DMAR 0x0000000079CA7AF8 0000C4 (v01 ALASKA A M I    00000001 INTL 20091013)
Jul 28 10:39:41 wifo3-02 kernel: [    0.000000] ACPI: HEST 0x0000000079CA7BC0 0001F0 (v01 ALASKA A M I    00000001 INTL 00000001)
Jul 28 10:39:41 wifo3-02 kernel: [    0.000000] ACPI: BERT 0x0000000079CA7DB0 000030 (v01 ALASKA A M I    00000001 INTL 00000001)
Jul 28 10:39:41 wifo3-02 kernel: [    0.000000] ACPI: ERST 0x0000000079CA7DE0 000230 (v01 ALASKA A M I    00000001 INTL 00000001)
Jul 28 10:39:41 wifo3-02 kernel: [    0.000000] ACPI: EINJ 0x0000000079CA8010 000150 (v01 ALASKA A M I    00000001 INTL 00000001)
Jul 28 10:39:41 wifo3-02 kernel: [    0.000000] ACPI: Local APIC address 0xfee00000
Jul 28 10:39:41 wifo3-02 kernel: [    0.000000] SRAT: PXM 0 -> APIC 0x00 -> Node 0
Jul 28 10:39:41 wifo3-02 kernel: [    0.000000] SRAT: PXM 0 -> APIC 0x02 -> Node 0
Jul 28 10:39:41 wifo3-02 kernel: [    0.000000] SRAT: PXM 0 -> APIC 0x04 -> Node 0
Jul 28 10:39:41 wifo3-02 kernel: [    0.000000] SRAT: PXM 0 -> APIC 0x06 -> Node 0
Jul 28 10:39:41 wifo3-02 kernel: [    0.000000] SRAT: PXM 0 -> APIC 0x08 -> Node 0
Jul 28 10:39:41 wifo3-02 kernel: [    0.000000] SRAT: PXM 0 -> APIC 0x0a -> Node 0
Jul 28 10:39:41 wifo3-02 kernel: [    0.000000] SRAT: PXM 0 -> APIC 0x01 -> Node 0
Jul 28 10:39:41 wifo3-02 kernel: [    0.000000] SRAT: PXM 0 -> APIC 0x03 -> Node 0
Jul 28 10:39:41 wifo3-02 kernel: [    0.000000] SRAT: PXM 0 -> APIC 0x05 -> Node 0
Jul 28 10:39:41 wifo3-02 kernel: [    0.000000] SRAT: PXM 0 -> APIC 0x07 -> Node 0
Jul 28 10:39:41 wifo3-02 kernel: [    0.000000] SRAT: PXM 0 -> APIC 0x09 -> Node 0
Jul 28 10:39:41 wifo3-02 kernel: [    0.000000] SRAT: PXM 0 -> APIC 0x0b -> Node 0
Jul 28 10:39:41 wifo3-02 kernel: [    0.000000] SRAT: Node 0 PXM 0 [mem 0x00000000-0x7fffffff]
Jul 28 10:39:41 wifo3-02 kernel: [    0.000000] SRAT: Node 0 PXM 0 [mem 0x100000000-0x87fffffff]
Jul 28 10:39:41 wifo3-02 kernel: [    0.000000] NUMA: Initialized distance table, cnt=1
Jul 28 10:39:41 wifo3-02 kernel: [    0.000000] NUMA: Node 0 [mem 0x00000000-0x7fffffff] + [mem 0x100000000-0x87fffffff] -> [mem 0x00000000-0x87fffffff]
Jul 28 10:39:41 wifo3-02 kernel: [    0.000000] Initmem setup node 0 [mem 0x00000000-0x87fffffff]
Jul 28 10:39:41 wifo3-02 kernel: [    0.000000]   NODE_DATA [mem 0x87fff8000-0x87fffcfff]
Jul 28 10:39:41 wifo3-02 kernel: [    0.000000]  [ffffea0000000000-ffffea001dbfffff] PMD -> [ffff88085f600000-ffff88087b5fffff] on node 0
Jul 28 10:39:41 wifo3-02 kernel: [    0.000000] Zone ranges:
Jul 28 10:39:41 wifo3-02 kernel: [    0.000000]   DMA      [mem 0x00001000-0x00ffffff]
Jul 28 10:39:41 wifo3-02 kernel: [    0.000000]   DMA32    [mem 0x01000000-0xffffffff]
Jul 28 10:39:41 wifo3-02 kernel: [    0.000000]   Normal   [mem 0x100000000-0x87fffffff]
Jul 28 10:39:41 wifo3-02 kernel: [    0.000000] Movable zone start for each node
Jul 28 10:39:41 wifo3-02 kernel: [    0.000000] Early memory node ranges
Jul 28 10:39:41 wifo3-02 kernel: [    0.000000]   node   0: [mem 0x00001000-0x00099fff]
Jul 28 10:39:41 wifo3-02 kernel: [    0.000000]   node   0: [mem 0x00100000-0x79417fff]
Jul 28 10:39:41 wifo3-02 kernel: [    0.000000]   node   0: [mem 0x79a2e000-0x79b51fff]
Jul 28 10:39:41 wifo3-02 kernel: [    0.000000]   node   0: [mem 0x7bd53000-0x7bd53fff]
Jul 28 10:39:41 wifo3-02 kernel: [    0.000000]   node   0: [mem 0x7bdda000-0x7bffffff]
Jul 28 10:39:41 wifo3-02 kernel: [    0.000000]   node   0: [mem 0x100000000-0x87fffffff]
Jul 28 10:39:41 wifo3-02 kernel: [    0.000000] On node 0 totalpages: 8361724
Jul 28 10:39:41 wifo3-02 kernel: [    0.000000]   DMA zone: 56 pages used for memmap
Jul 28 10:39:41 wifo3-02 kernel: [    0.000000]   DMA zone: 21 pages reserved
Jul 28 10:39:41 wifo3-02 kernel: [    0.000000]   DMA zone: 3993 pages, LIFO batch:0
Jul 28 10:39:41 wifo3-02 kernel: [    0.000000]   DMA32 zone: 6746 pages used for memmap
Jul 28 10:39:41 wifo3-02 kernel: [    0.000000]   DMA32 zone: 493411 pages, LIFO batch:31
Jul 28 10:39:41 wifo3-02 kernel: [    0.000000]   Normal zone: 107520 pages used for memmap
Jul 28 10:39:41 wifo3-02 kernel: [    0.000000]   Normal zone: 7864320 pages, LIFO batch:31
Jul 28 10:39:41 wifo3-02 kernel: [    0.000000] ACPI: PM-Timer IO Port: 0x408
Jul 28 10:39:41 wifo3-02 kernel: [    0.000000] ACPI: Local APIC address 0xfee00000
Jul 28 10:39:41 wifo3-02 kernel: [    0.000000] ACPI: LAPIC (acpi_id[0x00] lapic_id[0x00] enabled)
Jul 28 10:39:41 wifo3-02 kernel: [    0.000000] ACPI: LAPIC (acpi_id[0x02] lapic_id[0x02] enabled)
Jul 28 10:39:41 wifo3-02 kernel: [    0.000000] ACPI: LAPIC (acpi_id[0x04] lapic_id[0x04] enabled)
Jul 28 10:39:41 wifo3-02 kernel: [    0.000000] ACPI: LAPIC (acpi_id[0x06] lapic_id[0x06] enabled)
Jul 28 10:39:41 wifo3-02 kernel: [    0.000000] ACPI: LAPIC (acpi_id[0x08] lapic_id[0x08] enabled)
Jul 28 10:39:41 wifo3-02 kernel: [    0.000000] ACPI: LAPIC (acpi_id[0x0a] lapic_id[0x0a] enabled)
Jul 28 10:39:41 wifo3-02 kernel: [    0.000000] ACPI: LAPIC (acpi_id[0x01] lapic_id[0x01] enabled)
Jul 28 10:39:41 wifo3-02 kernel: [    0.000000] ACPI: LAPIC (acpi_id[0x03] lapic_id[0x03] enabled)
Jul 28 10:39:41 wifo3-02 kernel: [    0.000000] ACPI: LAPIC (acpi_id[0x05] lapic_id[0x05] enabled)
Jul 28 10:39:41 wifo3-02 kernel: [    0.000000] ACPI: LAPIC (acpi_id[0x07] lapic_id[0x07] enabled)
Jul 28 10:39:41 wifo3-02 kernel: [    0.000000] ACPI: LAPIC (acpi_id[0x09] lapic_id[0x09] enabled)
Jul 28 10:39:41 wifo3-02 kernel: [    0.000000] ACPI: LAPIC (acpi_id[0x0b] lapic_id[0x0b] enabled)
Jul 28 10:39:41 wifo3-02 kernel: [    0.000000] ACPI: LAPIC_NMI (acpi_id[0x00] high edge lint[0x1])
Jul 28 10:39:41 wifo3-02 kernel: [    0.000000] ACPI: LAPIC_NMI (acpi_id[0x02] high edge lint[0x1])
Jul 28 10:39:41 wifo3-02 kernel: [    0.000000] ACPI: LAPIC_NMI (acpi_id[0x04] high edge lint[0x1])
Jul 28 10:39:41 wifo3-02 kernel: [    0.000000] ACPI: LAPIC_NMI (acpi_id[0x06] high edge lint[0x1])
Jul 28 10:39:41 wifo3-02 kernel: [    0.000000] ACPI: LAPIC_NMI (acpi_id[0x08] high edge lint[0x1])
Jul 28 10:39:41 wifo3-02 kernel: [    0.000000] ACPI: LAPIC_NMI (acpi_id[0x0a] high edge lint[0x1])
Jul 28 10:39:41 wifo3-02 kernel: [    0.000000] ACPI: LAPIC_NMI (acpi_id[0x01] high edge lint[0x1])
Jul 28 10:39:41 wifo3-02 kernel: [    0.000000] ACPI: LAPIC_NMI (acpi_id[0x03] high edge lint[0x1])
Jul 28 10:39:41 wifo3-02 kernel: [    0.000000] ACPI: LAPIC_NMI (acpi_id[0x05] high edge lint[0x1])
Jul 28 10:39:41 wifo3-02 kernel: [    0.000000] ACPI: LAPIC_NMI (acpi_id[0x07] high edge lint[0x1])
Jul 28 10:39:41 wifo3-02 kernel: [    0.000000] ACPI: LAPIC_NMI (acpi_id[0x09] high edge lint[0x1])
Jul 28 10:39:41 wifo3-02 kernel: [    0.000000] ACPI: LAPIC_NMI (acpi_id[0x0b] high edge lint[0x1])
Jul 28 10:39:41 wifo3-02 kernel: [    0.000000] ACPI: IOAPIC (id[0x08] address[0xfec00000] gsi_base[0])
Jul 28 10:39:41 wifo3-02 kernel: [    0.000000] IOAPIC[0]: apic_id 8, version 32, address 0xfec00000, GSI 0-23
Jul 28 10:39:41 wifo3-02 kernel: [    0.000000] ACPI: IOAPIC (id[0x09] address[0xfec01000] gsi_base[24])
Jul 28 10:39:41 wifo3-02 kernel: [    0.000000] IOAPIC[1]: apic_id 9, version 32, address 0xfec01000, GSI 24-47
Jul 28 10:39:41 wifo3-02 kernel: [    0.000000] ACPI: INT_SRC_OVR (bus 0 bus_irq 0 global_irq 2 dfl dfl)
Jul 28 10:39:41 wifo3-02 kernel: [    0.000000] ACPI: INT_SRC_OVR (bus 0 bus_irq 9 global_irq 9 high level)
Jul 28 10:39:41 wifo3-02 kernel: [    0.000000] ACPI: IRQ0 used by override.
Jul 28 10:39:41 wifo3-02 kernel: [    0.000000] ACPI: IRQ2 used by override.
Jul 28 10:39:41 wifo3-02 kernel: [    0.000000] ACPI: IRQ9 used by override.
Jul 28 10:39:41 wifo3-02 kernel: [    0.000000] Using ACPI (MADT) for SMP configuration information
Jul 28 10:39:41 wifo3-02 kernel: [    0.000000] ACPI: HPET id: 0x8086a701 base: 0xfed00000
Jul 28 10:39:41 wifo3-02 kernel: [    0.000000] smpboot: Allowing 12 CPUs, 0 hotplug CPUs
Jul 28 10:39:41 wifo3-02 kernel: [    0.000000] nr_irqs_gsi: 64
Jul 28 10:39:41 wifo3-02 kernel: [    0.000000] PM: Registered nosave memory: [mem 0x0009a000-0x0009afff]
Jul 28 10:39:41 wifo3-02 kernel: [    0.000000] PM: Registered nosave memory: [mem 0x0009b000-0x0009ffff]
Jul 28 10:39:41 wifo3-02 kernel: [    0.000000] PM: Registered nosave memory: [mem 0x000a0000-0x000dffff]
Jul 28 10:39:41 wifo3-02 kernel: [    0.000000] PM: Registered nosave memory: [mem 0x000e0000-0x000fffff]
Jul 28 10:39:41 wifo3-02 kernel: [    0.000000] PM: Registered nosave memory: [mem 0x79418000-0x79a2dfff]
Jul 28 10:39:41 wifo3-02 kernel: [    0.000000] PM: Registered nosave memory: [mem 0x79b52000-0x79feefff]
Jul 28 10:39:41 wifo3-02 kernel: [    0.000000] PM: Registered nosave memory: [mem 0x79fef000-0x7bd52fff]
Jul 28 10:39:41 wifo3-02 kernel: [    0.000000] PM: Registered nosave memory: [mem 0x7bd54000-0x7bdd9fff]
Jul 28 10:39:41 wifo3-02 kernel: [    0.000000] PM: Registered nosave memory: [mem 0x7c000000-0x8fffffff]
Jul 28 10:39:41 wifo3-02 kernel: [    0.000000] PM: Registered nosave memory: [mem 0x90000000-0xfed1bfff]
Jul 28 10:39:41 wifo3-02 kernel: [    0.000000] PM: Registered nosave memory: [mem 0xfed1c000-0xfed1ffff]
Jul 28 10:39:41 wifo3-02 kernel: [    0.000000] PM: Registered nosave memory: [mem 0xfed20000-0xfeffffff]
Jul 28 10:39:41 wifo3-02 kernel: [    0.000000] PM: Registered nosave memory: [mem 0xff000000-0xffffffff]
Jul 28 10:39:41 wifo3-02 kernel: [    0.000000] e820: [mem 0x90000000-0xfed1bfff] available for PCI devices
Jul 28 10:39:41 wifo3-02 kernel: [    0.000000] Booting paravirtualized kernel on bare hardware
Jul 28 10:39:41 wifo3-02 kernel: [    0.000000] setup_percpu: NR_CPUS:512 nr_cpumask_bits:512 nr_cpu_ids:12 nr_node_ids:1
Jul 28 10:39:41 wifo3-02 kernel: [    0.000000] PERCPU: Embedded 27 pages/cpu @ffff88087fc00000 s80896 r8192 d21504 u131072
Jul 28 10:39:41 wifo3-02 kernel: [    0.000000] pcpu-alloc: s80896 r8192 d21504 u131072 alloc=1*2097152
Jul 28 10:39:41 wifo3-02 kernel: [    0.000000] pcpu-alloc: [0] 00 01 02 03 04 05 06 07 08 09 10 11 -- -- -- -- 
Jul 28 10:39:41 wifo3-02 kernel: [    0.000000] Built 1 zonelists in Zone order, mobility grouping on.  Total pages: 8247381
Jul 28 10:39:41 wifo3-02 kernel: [    0.000000] Policy zone: Normal
Jul 28 10:39:41 wifo3-02 kernel: [    0.000000] Kernel command line: BOOT_IMAGE=/boot/vmlinuz-3.16.0-4-amd64 root=UUID=d3f021fa-62f5-4011-a45c-1de59e358c76 ro quiet
Jul 28 10:39:41 wifo3-02 kernel: [    0.000000] PID hash table entries: 4096 (order: 3, 32768 bytes)
Jul 28 10:39:41 wifo3-02 kernel: [    0.000000] xsave: enabled xstate_bv 0x7, cntxt size 0x340
Jul 28 10:39:41 wifo3-02 kernel: [    0.000000] AGP: Checking aperture...
Jul 28 10:39:41 wifo3-02 kernel: [    0.000000] AGP: No AGP bridge found
Jul 28 10:39:41 wifo3-02 kernel: [    0.000000] Calgary: detecting Calgary via BIOS EBDA area
Jul 28 10:39:41 wifo3-02 kernel: [    0.000000] Calgary: Unable to locate Rio Grande table in EBDA - bailing!
Jul 28 10:39:41 wifo3-02 kernel: [    0.000000] Memory: 32894288K/33446896K available (5209K kernel code, 946K rwdata, 1832K rodata, 1204K init, 840K bss, 552608K reserved)
Jul 28 10:39:41 wifo3-02 kernel: [    0.000000] Hierarchical RCU implementation.
Jul 28 10:39:41 wifo3-02 kernel: [    0.000000] 	RCU dyntick-idle grace-period acceleration is enabled.
Jul 28 10:39:41 wifo3-02 kernel: [    0.000000] 	RCU restricting CPUs from NR_CPUS=512 to nr_cpu_ids=12.
Jul 28 10:39:41 wifo3-02 kernel: [    0.000000] RCU: Adjusting geometry for rcu_fanout_leaf=16, nr_cpu_ids=12
Jul 28 10:39:41 wifo3-02 kernel: [    0.000000] NR_IRQS:33024 nr_irqs:1184 16
Jul 28 10:39:41 wifo3-02 kernel: [    0.000000] Console: colour VGA+ 80x25
Jul 28 10:39:41 wifo3-02 kernel: [    0.000000] console [tty0] enabled
Jul 28 10:39:41 wifo3-02 kernel: [    0.000000] hpet clockevent registered
Jul 28 10:39:41 wifo3-02 kernel: [    0.000000] tsc: Fast TSC calibration using PIT
Jul 28 10:39:41 wifo3-02 kernel: [    0.000000] tsc: Detected 2400.205 MHz processor
Jul 28 10:39:41 wifo3-02 kernel: [    0.000028] Calibrating delay loop (skipped), value calculated using timer frequency.. 4800.41 BogoMIPS (lpj=9600820)
Jul 28 10:39:41 wifo3-02 kernel: [    0.000030] pid_max: default: 32768 minimum: 301
Jul 28 10:39:41 wifo3-02 kernel: [    0.000037] ACPI: Core revision 20140424
Jul 28 10:39:41 wifo3-02 kernel: [    0.039839] ACPI: All ACPI Tables successfully acquired
Jul 28 10:39:41 wifo3-02 kernel: [    0.039996] Security Framework initialized
Jul 28 10:39:41 wifo3-02 kernel: [    0.040004] AppArmor: AppArmor disabled by boot time parameter
Jul 28 10:39:41 wifo3-02 kernel: [    0.040005] Yama: disabled by default; enable with sysctl kernel.yama.*
Jul 28 10:39:41 wifo3-02 kernel: [    0.041726] Dentry cache hash table entries: 4194304 (order: 13, 33554432 bytes)
Jul 28 10:39:41 wifo3-02 kernel: [    0.047439] Inode-cache hash table entries: 2097152 (order: 12, 16777216 bytes)
Jul 28 10:39:41 wifo3-02 kernel: [    0.049907] Mount-cache hash table entries: 65536 (order: 7, 524288 bytes)
Jul 28 10:39:41 wifo3-02 kernel: [    0.049937] Mountpoint-cache hash table entries: 65536 (order: 7, 524288 bytes)
Jul 28 10:39:41 wifo3-02 kernel: [    0.050227] Initializing cgroup subsys memory
Jul 28 10:39:41 wifo3-02 kernel: [    0.050230] Initializing cgroup subsys devices
Jul 28 10:39:41 wifo3-02 kernel: [    0.050236] Initializing cgroup subsys freezer
Jul 28 10:39:41 wifo3-02 kernel: [    0.050238] Initializing cgroup subsys net_cls
Jul 28 10:39:41 wifo3-02 kernel: [    0.050242] Initializing cgroup subsys blkio
Jul 28 10:39:41 wifo3-02 kernel: [    0.050245] Initializing cgroup subsys perf_event
Jul 28 10:39:41 wifo3-02 kernel: [    0.050247] Initializing cgroup subsys net_prio
Jul 28 10:39:41 wifo3-02 kernel: [    0.050270] CPU: Physical Processor ID: 0
Jul 28 10:39:41 wifo3-02 kernel: [    0.050271] CPU: Processor Core ID: 0
Jul 28 10:39:41 wifo3-02 kernel: [    0.050274] ENERGY_PERF_BIAS: Set to 'normal', was 'performance'
Jul 28 10:39:41 wifo3-02 kernel: [    0.050274] ENERGY_PERF_BIAS: View and update with x86_energy_perf_policy(8)
Jul 28 10:39:41 wifo3-02 kernel: [    0.051025] mce: CPU supports 22 MCE banks
Jul 28 10:39:41 wifo3-02 kernel: [    0.051056] CPU0: Thermal monitoring enabled (TM1)
Jul 28 10:39:41 wifo3-02 kernel: [    0.051080] process: using mwait in idle threads
Jul 28 10:39:41 wifo3-02 kernel: [    0.051083] Last level iTLB entries: 4KB 1024, 2MB 1024, 4MB 1024
Jul 28 10:39:41 wifo3-02 kernel: [    0.051083] Last level dTLB entries: 4KB 1024, 2MB 1024, 4MB 1024, 1GB 4
Jul 28 10:39:41 wifo3-02 kernel: [    0.051083] tlb_flushall_shift: 6
Jul 28 10:39:41 wifo3-02 kernel: [    0.051175] Freeing SMP alternatives memory: 20K (ffffffff81a1b000 - ffffffff81a20000)
Jul 28 10:39:41 wifo3-02 kernel: [    0.051970] ftrace: allocating 21623 entries in 85 pages
Jul 28 10:39:41 wifo3-02 kernel: [    0.059582] dmar: Host address width 46
Jul 28 10:39:41 wifo3-02 kernel: [    0.059583] dmar: DRHD base: 0x000000fbffc000 flags: 0x1
Jul 28 10:39:41 wifo3-02 kernel: [    0.059591] dmar: IOMMU 0: reg_base_addr fbffc000 ver 1:0 cap d2078c106f0466 ecap f020de
Jul 28 10:39:41 wifo3-02 kernel: [    0.059592] dmar: RMRR base: 0x0000007bc0c000 end: 0x0000007bc1afff
Jul 28 10:39:41 wifo3-02 kernel: [    0.059594] dmar: ATSR flags: 0x0
Jul 28 10:39:41 wifo3-02 kernel: [    0.059595] dmar: RHSA base: 0x000000fbffc000 proximity domain: 0x0
Jul 28 10:39:41 wifo3-02 kernel: [    0.059684] IOAPIC id 8 under DRHD base  0xfbffc000 IOMMU 0
Jul 28 10:39:41 wifo3-02 kernel: [    0.059685] IOAPIC id 9 under DRHD base  0xfbffc000 IOMMU 0
Jul 28 10:39:41 wifo3-02 kernel: [    0.059686] HPET id 0 under DRHD base 0xfbffc000
Jul 28 10:39:41 wifo3-02 kernel: [    0.059687] Queued invalidation will be enabled to support x2apic and Intr-remapping.
Jul 28 10:39:41 wifo3-02 kernel: [    0.059687] Your BIOS is broken and requested that x2apic be disabled.
Jul 28 10:39:41 wifo3-02 kernel: [    0.059687] This will slightly decrease performance.
Jul 28 10:39:41 wifo3-02 kernel: [    0.059687] Use 'intremap=no_x2apic_optout' to override BIOS request.
Jul 28 10:39:41 wifo3-02 kernel: [    0.059773] Enabled IRQ remapping in xapic mode
Jul 28 10:39:41 wifo3-02 kernel: [    0.059773] x2apic not enabled, IRQ remapping is in xapic mode
Jul 28 10:39:41 wifo3-02 kernel: [    0.059777] Switched APIC routing to physical flat.
Jul 28 10:39:41 wifo3-02 kernel: [    0.060282] ..TIMER: vector=0x30 apic1=0 pin1=2 apic2=-1 pin2=-1
Jul 28 10:39:41 wifo3-02 kernel: [    0.100001] smpboot: CPU0: Intel(R) Xeon(R) CPU E5-2620 v3 @ 2.40GHz (fam: 06, model: 3f, stepping: 02)
Jul 28 10:39:41 wifo3-02 kernel: [    0.100006] TSC deadline timer enabled
Jul 28 10:39:41 wifo3-02 kernel: [    0.100024] Performance Events: PEBS fmt2+, 16-deep LBR, Haswell events, full-width counters, Intel PMU driver.
Jul 28 10:39:41 wifo3-02 kernel: [    0.100042] ... version:                3
Jul 28 10:39:41 wifo3-02 kernel: [    0.100043] ... bit width:              48
Jul 28 10:39:41 wifo3-02 kernel: [    0.100044] ... generic registers:      4
Jul 28 10:39:41 wifo3-02 kernel: [    0.100045] ... value mask:             0000ffffffffffff
Jul 28 10:39:41 wifo3-02 kernel: [    0.100046] ... max period:             0000ffffffffffff
Jul 28 10:39:41 wifo3-02 kernel: [    0.100046] ... fixed-purpose events:   3
Jul 28 10:39:41 wifo3-02 kernel: [    0.100047] ... event mask:             000000070000000f
Jul 28 10:39:41 wifo3-02 kernel: [    0.101451] x86: Booting SMP configuration:
Jul 28 10:39:41 wifo3-02 kernel: [    0.101453] .... node  #0, CPUs:        #1
Jul 28 10:39:41 wifo3-02 kernel: [    0.115480] NMI watchdog: enabled on all CPUs, permanently consumes one hw-PMU counter.
Jul 28 10:39:41 wifo3-02 kernel: [    0.115567]   #2  #3  #4  #5  #6  #7  #8  #9 #10 #11
Jul 28 10:39:41 wifo3-02 kernel: [    0.255814] x86: Booted up 1 node, 12 CPUs
Jul 28 10:39:41 wifo3-02 kernel: [    0.255817] smpboot: Total of 12 processors activated (57604.92 BogoMIPS)
Jul 28 10:39:41 wifo3-02 kernel: [    0.275170] devtmpfs: initialized
Jul 28 10:39:41 wifo3-02 kernel: [    0.279781] PM: Registering ACPI NVS region [mem 0x79b52000-0x79feefff] (4837376 bytes)
Jul 28 10:39:41 wifo3-02 kernel: [    0.280599] pinctrl core: initialized pinctrl subsystem
Jul 28 10:39:41 wifo3-02 kernel: [    0.280681] NET: Registered protocol family 16
Jul 28 10:39:41 wifo3-02 kernel: [    0.280787] cpuidle: using governor ladder
Jul 28 10:39:41 wifo3-02 kernel: [    0.280789] cpuidle: using governor menu
Jul 28 10:39:41 wifo3-02 kernel: [    0.280826] ACPI FADT declares the system doesn't support PCIe ASPM, so disable it
Jul 28 10:39:41 wifo3-02 kernel: [    0.280828] ACPI: bus type PCI registered
Jul 28 10:39:41 wifo3-02 kernel: [    0.280829] acpiphp: ACPI Hot Plug PCI Controller Driver version: 0.5
Jul 28 10:39:41 wifo3-02 kernel: [    0.280923] PCI: MMCONFIG for domain 0000 [bus 00-ff] at [mem 0x80000000-0x8fffffff] (base 0x80000000)
Jul 28 10:39:41 wifo3-02 kernel: [    0.280925] PCI: MMCONFIG at [mem 0x80000000-0x8fffffff] reserved in E820
Jul 28 10:39:41 wifo3-02 kernel: [    0.281190] PCI: Using configuration type 1 for base access
Jul 28 10:39:41 wifo3-02 kernel: [    0.291512] ACPI: Added _OSI(Module Device)
Jul 28 10:39:41 wifo3-02 kernel: [    0.291514] ACPI: Added _OSI(Processor Device)
Jul 28 10:39:41 wifo3-02 kernel: [    0.291515] ACPI: Added _OSI(3.0 _SCP Extensions)
Jul 28 10:39:41 wifo3-02 kernel: [    0.291516] ACPI: Added _OSI(Processor Aggregator Device)
Jul 28 10:39:41 wifo3-02 kernel: [    0.310514] [Firmware Bug]: ACPI: BIOS _OSI(Linux) query ignored
Jul 28 10:39:41 wifo3-02 kernel: [    0.358042] ACPI: Dynamic OEM Table Load:
Jul 28 10:39:41 wifo3-02 kernel: [    0.358045] ACPI: PRAD 0x0000000000000000 0000BF (v02 ALASKA A M I    00000002 INTL 20120913)
Jul 28 10:39:41 wifo3-02 kernel: [    0.370930] ACPI: Interpreter enabled
Jul 28 10:39:41 wifo3-02 kernel: [    0.370935] ACPI Exception: AE_NOT_FOUND, While evaluating Sleep State [\_S1_] (20140424/hwxface-580)
Jul 28 10:39:41 wifo3-02 kernel: [    0.370939] ACPI Exception: AE_NOT_FOUND, While evaluating Sleep State [\_S2_] (20140424/hwxface-580)
Jul 28 10:39:41 wifo3-02 kernel: [    0.370941] ACPI Exception: AE_NOT_FOUND, While evaluating Sleep State [\_S3_] (20140424/hwxface-580)
Jul 28 10:39:41 wifo3-02 kernel: [    0.370950] ACPI: (supports S0 S4 S5)
Jul 28 10:39:41 wifo3-02 kernel: [    0.370951] ACPI: Using IOAPIC for interrupt routing
Jul 28 10:39:41 wifo3-02 kernel: [    0.370977] HEST: Enabling Firmware First mode for corrected errors.
Jul 28 10:39:41 wifo3-02 kernel: [    0.371067] HEST: Table parsing has been initialized.
Jul 28 10:39:41 wifo3-02 kernel: [    0.371069] PCI: Using host bridge windows from ACPI; if necessary, use "pci=nocrs" and report a bug
Jul 28 10:39:41 wifo3-02 kernel: [    0.394397] ACPI: PCI Root Bridge [UNC0] (domain 0000 [bus ff])
Jul 28 10:39:41 wifo3-02 kernel: [    0.394402] acpi PNP0A03:03: _OSC: OS supports [ExtendedConfig ASPM ClockPM Segments MSI]
Jul 28 10:39:41 wifo3-02 kernel: [    0.394421] acpi PNP0A03:03: _OSC: OS now controls [PCIeHotplug PME AER PCIeCapability]
Jul 28 10:39:41 wifo3-02 kernel: [    0.394456] PCI host bridge to bus 0000:ff
Jul 28 10:39:41 wifo3-02 kernel: [    0.394458] pci_bus 0000:ff: root bus resource [bus ff]
Jul 28 10:39:41 wifo3-02 kernel: [    0.394468] pci 0000:ff:0b.0: [8086:2f81] type 00 class 0x088000
Jul 28 10:39:41 wifo3-02 kernel: [    0.394515] pci 0000:ff:0b.1: [8086:2f36] type 00 class 0x110100
Jul 28 10:39:41 wifo3-02 kernel: [    0.394556] pci 0000:ff:0b.2: [8086:2f37] type 00 class 0x110100
Jul 28 10:39:41 wifo3-02 kernel: [    0.394598] pci 0000:ff:0c.0: [8086:2fe0] type 00 class 0x088000
Jul 28 10:39:41 wifo3-02 kernel: [    0.394637] pci 0000:ff:0c.1: [8086:2fe1] type 00 class 0x088000
Jul 28 10:39:41 wifo3-02 kernel: [    0.394676] pci 0000:ff:0c.2: [8086:2fe2] type 00 class 0x088000
Jul 28 10:39:41 wifo3-02 kernel: [    0.394715] pci 0000:ff:0c.3: [8086:2fe3] type 00 class 0x088000
Jul 28 10:39:41 wifo3-02 kernel: [    0.394753] pci 0000:ff:0c.4: [8086:2fe4] type 00 class 0x088000
Jul 28 10:39:41 wifo3-02 kernel: [    0.394792] pci 0000:ff:0c.5: [8086:2fe5] type 00 class 0x088000
Jul 28 10:39:41 wifo3-02 kernel: [    0.394833] pci 0000:ff:0f.0: [8086:2ff8] type 00 class 0x088000
Jul 28 10:39:41 wifo3-02 kernel: [    0.394872] pci 0000:ff:0f.1: [8086:2ff9] type 00 class 0x088000
Jul 28 10:39:41 wifo3-02 kernel: [    0.394912] pci 0000:ff:0f.4: [8086:2ffc] type 00 class 0x088000
Jul 28 10:39:41 wifo3-02 kernel: [    0.394951] pci 0000:ff:0f.5: [8086:2ffd] type 00 class 0x088000
Jul 28 10:39:41 wifo3-02 kernel: [    0.394991] pci 0000:ff:0f.6: [8086:2ffe] type 00 class 0x088000
Jul 28 10:39:41 wifo3-02 kernel: [    0.395030] pci 0000:ff:10.0: [8086:2f1d] type 00 class 0x088000
Jul 28 10:39:41 wifo3-02 kernel: [    0.395069] pci 0000:ff:10.1: [8086:2f34] type 00 class 0x110100
Jul 28 10:39:41 wifo3-02 kernel: [    0.395109] pci 0000:ff:10.5: [8086:2f1e] type 00 class 0x088000
Jul 28 10:39:41 wifo3-02 kernel: [    0.395147] pci 0000:ff:10.6: [8086:2f7d] type 00 class 0x110100
Jul 28 10:39:41 wifo3-02 kernel: [    0.395185] pci 0000:ff:10.7: [8086:2f1f] type 00 class 0x088000
Jul 28 10:39:41 wifo3-02 kernel: [    0.395223] pci 0000:ff:12.0: [8086:2fa0] type 00 class 0x088000
Jul 28 10:39:41 wifo3-02 kernel: [    0.395401] pci 0000:ff:12.1: [8086:2f30] type 00 class 0x110100
Jul 28 10:39:41 wifo3-02 kernel: [    0.395446] pci 0000:ff:13.0: [8086:2fa8] type 00 class 0x088000
Jul 28 10:39:41 wifo3-02 kernel: [    0.395490] pci 0000:ff:13.1: [8086:2f71] type 00 class 0x088000
Jul 28 10:39:41 wifo3-02 kernel: [    0.395533] pci 0000:ff:13.2: [8086:2faa] type 00 class 0x088000
Jul 28 10:39:41 wifo3-02 kernel: [    0.395577] pci 0000:ff:13.3: [8086:2fab] type 00 class 0x088000
Jul 28 10:39:41 wifo3-02 kernel: [    0.395620] pci 0000:ff:13.4: [8086:2fac] type 00 class 0x088000
Jul 28 10:39:41 wifo3-02 kernel: [    0.395663] pci 0000:ff:13.5: [8086:2fad] type 00 class 0x088000
Jul 28 10:39:41 wifo3-02 kernel: [    0.395705] pci 0000:ff:13.6: [8086:2fae] type 00 class 0x088000
Jul 28 10:39:41 wifo3-02 kernel: [    0.395746] pci 0000:ff:13.7: [8086:2faf] type 00 class 0x088000
Jul 28 10:39:41 wifo3-02 kernel: [    0.395787] pci 0000:ff:14.0: [8086:2fb0] type 00 class 0x088000
Jul 28 10:39:41 wifo3-02 kernel: [    0.395830] pci 0000:ff:14.1: [8086:2fb1] type 00 class 0x088000
Jul 28 10:39:41 wifo3-02 kernel: [    0.395874] pci 0000:ff:14.2: [8086:2fb2] type 00 class 0x088000
Jul 28 10:39:41 wifo3-02 kernel: [    0.395917] pci 0000:ff:14.3: [8086:2fb3] type 00 class 0x088000
Jul 28 10:39:41 wifo3-02 kernel: [    0.395962] pci 0000:ff:14.6: [8086:2fbe] type 00 class 0x088000
Jul 28 10:39:41 wifo3-02 kernel: [    0.396002] pci 0000:ff:14.7: [8086:2fbf] type 00 class 0x088000
Jul 28 10:39:41 wifo3-02 kernel: [    0.396043] pci 0000:ff:15.0: [8086:2fb4] type 00 class 0x088000
Jul 28 10:39:41 wifo3-02 kernel: [    0.396087] pci 0000:ff:15.1: [8086:2fb5] type 00 class 0x088000
Jul 28 10:39:41 wifo3-02 kernel: [    0.396131] pci 0000:ff:15.2: [8086:2fb6] type 00 class 0x088000
Jul 28 10:39:41 wifo3-02 kernel: [    0.396174] pci 0000:ff:15.3: [8086:2fb7] type 00 class 0x088000
Jul 28 10:39:41 wifo3-02 kernel: [    0.396221] pci 0000:ff:16.0: [8086:2f68] type 00 class 0x088000
Jul 28 10:39:41 wifo3-02 kernel: [    0.396265] pci 0000:ff:16.6: [8086:2f6e] type 00 class 0x088000
Jul 28 10:39:41 wifo3-02 kernel: [    0.396307] pci 0000:ff:16.7: [8086:2f6f] type 00 class 0x088000
Jul 28 10:39:41 wifo3-02 kernel: [    0.396349] pci 0000:ff:17.0: [8086:2fd0] type 00 class 0x088000
Jul 28 10:39:41 wifo3-02 kernel: [    0.396393] pci 0000:ff:17.4: [8086:2fb8] type 00 class 0x088000
Jul 28 10:39:41 wifo3-02 kernel: [    0.396435] pci 0000:ff:17.5: [8086:2fb9] type 00 class 0x088000
Jul 28 10:39:41 wifo3-02 kernel: [    0.396477] pci 0000:ff:17.6: [8086:2fba] type 00 class 0x088000
Jul 28 10:39:41 wifo3-02 kernel: [    0.396519] pci 0000:ff:17.7: [8086:2fbb] type 00 class 0x088000
Jul 28 10:39:41 wifo3-02 kernel: [    0.396565] pci 0000:ff:1e.0: [8086:2f98] type 00 class 0x088000
Jul 28 10:39:41 wifo3-02 kernel: [    0.396605] pci 0000:ff:1e.1: [8086:2f99] type 00 class 0x088000
Jul 28 10:39:41 wifo3-02 kernel: [    0.396645] pci 0000:ff:1e.2: [8086:2f9a] type 00 class 0x088000
Jul 28 10:39:41 wifo3-02 kernel: [    0.396686] pci 0000:ff:1e.3: [8086:2fc0] type 00 class 0x088000
Jul 28 10:39:41 wifo3-02 kernel: [    0.396726] pci 0000:ff:1e.4: [8086:2f9c] type 00 class 0x088000
Jul 28 10:39:41 wifo3-02 kernel: [    0.396770] pci 0000:ff:1f.0: [8086:2f88] type 00 class 0x088000
Jul 28 10:39:41 wifo3-02 kernel: [    0.396815] pci 0000:ff:1f.2: [8086:2f8a] type 00 class 0x088000
Jul 28 10:39:41 wifo3-02 kernel: [    0.396859] acpi PNP0A03:03: Disabling ASPM (FADT indicates it is unsupported)
Jul 28 10:39:41 wifo3-02 kernel: [    0.397878] ACPI: PCI Root Bridge [PCI0] (domain 0000 [bus 00-fe])
Jul 28 10:39:41 wifo3-02 kernel: [    0.397881] acpi PNP0A08:00: _OSC: OS supports [ExtendedConfig ASPM ClockPM Segments MSI]
Jul 28 10:39:41 wifo3-02 kernel: [    0.399900] acpi PNP0A08:00: _OSC: platform does not support [AER]
Jul 28 10:39:41 wifo3-02 kernel: [    0.400768] acpi PNP0A08:00: _OSC: OS now controls [PCIeHotplug PME PCIeCapability]
Jul 28 10:39:41 wifo3-02 kernel: [    0.401552] PCI host bridge to bus 0000:00
Jul 28 10:39:41 wifo3-02 kernel: [    0.401554] pci_bus 0000:00: root bus resource [bus 00-fe]
Jul 28 10:39:41 wifo3-02 kernel: [    0.401556] pci_bus 0000:00: root bus resource [io  0x0000-0x03af]
Jul 28 10:39:41 wifo3-02 kernel: [    0.401557] pci_bus 0000:00: root bus resource [io  0x03e0-0x0cf7]
Jul 28 10:39:41 wifo3-02 kernel: [    0.401558] pci_bus 0000:00: root bus resource [io  0x03b0-0x03df]
Jul 28 10:39:41 wifo3-02 kernel: [    0.401560] pci_bus 0000:00: root bus resource [io  0x1000-0xffff]
Jul 28 10:39:41 wifo3-02 kernel: [    0.401561] pci_bus 0000:00: root bus resource [mem 0x000a0000-0x000bffff]
Jul 28 10:39:41 wifo3-02 kernel: [    0.401562] pci_bus 0000:00: root bus resource [mem 0xfed40000-0xfed44fff]
Jul 28 10:39:41 wifo3-02 kernel: [    0.401564] pci_bus 0000:00: root bus resource [mem 0xfedb0000-0xfedb000f]
Jul 28 10:39:41 wifo3-02 kernel: [    0.401565] pci_bus 0000:00: root bus resource [mem 0xfedc0000-0xfedc000f]
Jul 28 10:39:41 wifo3-02 kernel: [    0.401566] pci_bus 0000:00: root bus resource [mem 0x90000000-0xfbffbfff]
Jul 28 10:39:41 wifo3-02 kernel: [    0.401573] pci 0000:00:00.0: [8086:2f00] type 00 class 0x060000
Jul 28 10:39:41 wifo3-02 kernel: [    0.401684] pci 0000:00:01.0: [8086:2f02] type 01 class 0x060400
Jul 28 10:39:41 wifo3-02 kernel: [    0.401727] pci 0000:00:01.0: PME# supported from D0 D3hot D3cold
Jul 28 10:39:41 wifo3-02 kernel: [    0.401778] pci 0000:00:01.0: System wakeup disabled by ACPI
Jul 28 10:39:41 wifo3-02 kernel: [    0.401811] pci 0000:00:02.0: [8086:2f04] type 01 class 0x060400
Jul 28 10:39:41 wifo3-02 kernel: [    0.401854] pci 0000:00:02.0: PME# supported from D0 D3hot D3cold
Jul 28 10:39:41 wifo3-02 kernel: [    0.401904] pci 0000:00:02.0: System wakeup disabled by ACPI
Jul 28 10:39:41 wifo3-02 kernel: [    0.401937] pci 0000:00:03.0: [8086:2f08] type 01 class 0x060400
Jul 28 10:39:41 wifo3-02 kernel: [    0.401979] pci 0000:00:03.0: PME# supported from D0 D3hot D3cold
Jul 28 10:39:41 wifo3-02 kernel: [    0.402028] pci 0000:00:03.0: System wakeup disabled by ACPI
Jul 28 10:39:41 wifo3-02 kernel: [    0.402060] pci 0000:00:03.2: [8086:2f0a] type 01 class 0x060400
Jul 28 10:39:41 wifo3-02 kernel: [    0.402102] pci 0000:00:03.2: PME# supported from D0 D3hot D3cold
Jul 28 10:39:41 wifo3-02 kernel: [    0.402151] pci 0000:00:03.2: System wakeup disabled by ACPI
Jul 28 10:39:41 wifo3-02 kernel: [    0.402185] pci 0000:00:04.0: [8086:2f20] type 00 class 0x088000
Jul 28 10:39:41 wifo3-02 kernel: [    0.402194] pci 0000:00:04.0: reg 0x10: [mem 0xfb12c000-0xfb12ffff 64bit]
Jul 28 10:39:41 wifo3-02 kernel: [    0.402297] pci 0000:00:04.1: [8086:2f21] type 00 class 0x088000
Jul 28 10:39:41 wifo3-02 kernel: [    0.402306] pci 0000:00:04.1: reg 0x10: [mem 0xfb128000-0xfb12bfff 64bit]
Jul 28 10:39:41 wifo3-02 kernel: [    0.402409] pci 0000:00:04.2: [8086:2f22] type 00 class 0x088000
Jul 28 10:39:41 wifo3-02 kernel: [    0.402418] pci 0000:00:04.2: reg 0x10: [mem 0xfb124000-0xfb127fff 64bit]
Jul 28 10:39:41 wifo3-02 kernel: [    0.402522] pci 0000:00:04.3: [8086:2f23] type 00 class 0x088000
Jul 28 10:39:41 wifo3-02 kernel: [    0.402530] pci 0000:00:04.3: reg 0x10: [mem 0xfb120000-0xfb123fff 64bit]
Jul 28 10:39:41 wifo3-02 kernel: [    0.402634] pci 0000:00:04.4: [8086:2f24] type 00 class 0x088000
Jul 28 10:39:41 wifo3-02 kernel: [    0.402642] pci 0000:00:04.4: reg 0x10: [mem 0xfb11c000-0xfb11ffff 64bit]
Jul 28 10:39:41 wifo3-02 kernel: [    0.402746] pci 0000:00:04.5: [8086:2f25] type 00 class 0x088000
Jul 28 10:39:41 wifo3-02 kernel: [    0.402754] pci 0000:00:04.5: reg 0x10: [mem 0xfb118000-0xfb11bfff 64bit]
Jul 28 10:39:41 wifo3-02 kernel: [    0.402858] pci 0000:00:04.6: [8086:2f26] type 00 class 0x088000
Jul 28 10:39:41 wifo3-02 kernel: [    0.402866] pci 0000:00:04.6: reg 0x10: [mem 0xfb114000-0xfb117fff 64bit]
Jul 28 10:39:41 wifo3-02 kernel: [    0.402969] pci 0000:00:04.7: [8086:2f27] type 00 class 0x088000
Jul 28 10:39:41 wifo3-02 kernel: [    0.402978] pci 0000:00:04.7: reg 0x10: [mem 0xfb110000-0xfb113fff 64bit]
Jul 28 10:39:41 wifo3-02 kernel: [    0.403080] pci 0000:00:05.0: [8086:2f28] type 00 class 0x088000
Jul 28 10:39:41 wifo3-02 kernel: [    0.403174] pci 0000:00:05.1: [8086:2f29] type 00 class 0x088000
Jul 28 10:39:41 wifo3-02 kernel: [    0.403416] pci 0000:00:05.2: [8086:2f2a] type 00 class 0x088000
Jul 28 10:39:41 wifo3-02 kernel: [    0.403511] pci 0000:00:05.4: [8086:2f2c] type 00 class 0x080020
Jul 28 10:39:41 wifo3-02 kernel: [    0.403517] pci 0000:00:05.4: reg 0x10: [mem 0xfb139000-0xfb139fff]
Jul 28 10:39:41 wifo3-02 kernel: [    0.403630] pci 0000:00:11.0: [8086:8d7c] type 00 class 0xff0000
Jul 28 10:39:41 wifo3-02 kernel: [    0.403802] pci 0000:00:11.4: [8086:8d62] type 00 class 0x010601
Jul 28 10:39:41 wifo3-02 kernel: [    0.403820] pci 0000:00:11.4: reg 0x10: [io  0xf110-0xf117]
Jul 28 10:39:41 wifo3-02 kernel: [    0.403827] pci 0000:00:11.4: reg 0x14: [io  0xf100-0xf103]
Jul 28 10:39:41 wifo3-02 kernel: [    0.403835] pci 0000:00:11.4: reg 0x18: [io  0xf0f0-0xf0f7]
Jul 28 10:39:41 wifo3-02 kernel: [    0.403842] pci 0000:00:11.4: reg 0x1c: [io  0xf0e0-0xf0e3]
Jul 28 10:39:41 wifo3-02 kernel: [    0.403850] pci 0000:00:11.4: reg 0x20: [io  0xf020-0xf03f]
Jul 28 10:39:41 wifo3-02 kernel: [    0.403858] pci 0000:00:11.4: reg 0x24: [mem 0xfb138000-0xfb1387ff]
Jul 28 10:39:41 wifo3-02 kernel: [    0.403900] pci 0000:00:11.4: PME# supported from D3hot
Jul 28 10:39:41 wifo3-02 kernel: [    0.403986] pci 0000:00:14.0: [8086:8d31] type 00 class 0x0c0330
Jul 28 10:39:41 wifo3-02 kernel: [    0.404002] pci 0000:00:14.0: reg 0x10: [mem 0xfb100000-0xfb10ffff 64bit]
Jul 28 10:39:41 wifo3-02 kernel: [    0.404051] pci 0000:00:14.0: PME# supported from D3hot D3cold
Jul 28 10:39:41 wifo3-02 kernel: [    0.404110] pci 0000:00:14.0: System wakeup disabled by ACPI
Jul 28 10:39:41 wifo3-02 kernel: [    0.404146] pci 0000:00:16.0: [8086:8d3a] type 00 class 0x078000
Jul 28 10:39:41 wifo3-02 kernel: [    0.404164] pci 0000:00:16.0: reg 0x10: [mem 0xfb137000-0xfb13700f 64bit]
Jul 28 10:39:41 wifo3-02 kernel: [    0.404222] pci 0000:00:16.0: PME# supported from D0 D3hot D3cold
Jul 28 10:39:41 wifo3-02 kernel: [    0.404303] pci 0000:00:16.1: [8086:8d3b] type 00 class 0x078000
Jul 28 10:39:41 wifo3-02 kernel: [    0.404321] pci 0000:00:16.1: reg 0x10: [mem 0xfb136000-0xfb13600f 64bit]
Jul 28 10:39:41 wifo3-02 kernel: [    0.404379] pci 0000:00:16.1: PME# supported from D0 D3hot D3cold
Jul 28 10:39:41 wifo3-02 kernel: [    0.404472] pci 0000:00:1a.0: [8086:8d2d] type 00 class 0x0c0320
Jul 28 10:39:41 wifo3-02 kernel: [    0.404491] pci 0000:00:1a.0: reg 0x10: [mem 0xfb134000-0xfb1343ff]
Jul 28 10:39:41 wifo3-02 kernel: [    0.404575] pci 0000:00:1a.0: PME# supported from D0 D3hot D3cold
Jul 28 10:39:41 wifo3-02 kernel: [    0.404637] pci 0000:00:1a.0: System wakeup disabled by ACPI
Jul 28 10:39:41 wifo3-02 kernel: [    0.404672] pci 0000:00:1c.0: [8086:8d10] type 01 class 0x060400
Jul 28 10:39:41 wifo3-02 kernel: [    0.404737] pci 0000:00:1c.0: PME# supported from D0 D3hot D3cold
Jul 28 10:39:41 wifo3-02 kernel: [    0.404794] pci 0000:00:1c.0: System wakeup disabled by ACPI
Jul 28 10:39:41 wifo3-02 kernel: [    0.404832] pci 0000:00:1c.4: [8086:8d18] type 01 class 0x060400
Jul 28 10:39:41 wifo3-02 kernel: [    0.404897] pci 0000:00:1c.4: PME# supported from D0 D3hot D3cold
Jul 28 10:39:41 wifo3-02 kernel: [    0.404951] pci 0000:00:1c.4: System wakeup disabled by ACPI
Jul 28 10:39:41 wifo3-02 kernel: [    0.404992] pci 0000:00:1d.0: [8086:8d26] type 00 class 0x0c0320
Jul 28 10:39:41 wifo3-02 kernel: [    0.405011] pci 0000:00:1d.0: reg 0x10: [mem 0xfb133000-0xfb1333ff]
Jul 28 10:39:41 wifo3-02 kernel: [    0.405095] pci 0000:00:1d.0: PME# supported from D0 D3hot D3cold
Jul 28 10:39:41 wifo3-02 kernel: [    0.405156] pci 0000:00:1d.0: System wakeup disabled by ACPI
Jul 28 10:39:41 wifo3-02 kernel: [    0.405193] pci 0000:00:1f.0: [8086:8d44] type 00 class 0x060100
Jul 28 10:39:41 wifo3-02 kernel: [    0.405365] pci 0000:00:1f.2: [8086:8d02] type 00 class 0x010601
Jul 28 10:39:41 wifo3-02 kernel: [    0.405379] pci 0000:00:1f.2: reg 0x10: [io  0xf070-0xf077]
Jul 28 10:39:41 wifo3-02 kernel: [    0.405386] pci 0000:00:1f.2: reg 0x14: [io  0xf060-0xf063]
Jul 28 10:39:41 wifo3-02 kernel: [    0.405392] pci 0000:00:1f.2: reg 0x18: [io  0xf050-0xf057]
Jul 28 10:39:41 wifo3-02 kernel: [    0.405399] pci 0000:00:1f.2: reg 0x1c: [io  0xf040-0xf043]
Jul 28 10:39:41 wifo3-02 kernel: [    0.405405] pci 0000:00:1f.2: reg 0x20: [io  0xf000-0xf01f]
Jul 28 10:39:41 wifo3-02 kernel: [    0.405412] pci 0000:00:1f.2: reg 0x24: [mem 0xfb132000-0xfb1327ff]
Jul 28 10:39:41 wifo3-02 kernel: [    0.405447] pci 0000:00:1f.2: PME# supported from D3hot
Jul 28 10:39:41 wifo3-02 kernel: [    0.405524] pci 0000:00:1f.3: [8086:8d22] type 00 class 0x0c0500
Jul 28 10:39:41 wifo3-02 kernel: [    0.405537] pci 0000:00:1f.3: reg 0x10: [mem 0xfb131000-0xfb1310ff 64bit]
Jul 28 10:39:41 wifo3-02 kernel: [    0.405556] pci 0000:00:1f.3: reg 0x20: [io  0x0580-0x059f]
Jul 28 10:39:41 wifo3-02 kernel: [    0.405777] pci 0000:00:01.0: PCI bridge to [bus 01]
Jul 28 10:39:41 wifo3-02 kernel: [    0.405915] pci 0000:00:02.0: PCI bridge to [bus 02]
Jul 28 10:39:41 wifo3-02 kernel: [    0.406052] pci 0000:00:03.0: PCI bridge to [bus 03]
Jul 28 10:39:41 wifo3-02 kernel: [    0.406213] pci 0000:04:00.0: [8086:1528] type 00 class 0x020000
Jul 28 10:39:41 wifo3-02 kernel: [    0.406227] pci 0000:04:00.0: reg 0x10: [mem 0xfbc00000-0xfbdfffff 64bit pref]
Jul 28 10:39:41 wifo3-02 kernel: [    0.406233] pci 0000:04:00.0: reg 0x18: [io  0xe020-0xe03f]
Jul 28 10:39:41 wifo3-02 kernel: [    0.406248] pci 0000:04:00.0: reg 0x20: [mem 0xfbe04000-0xfbe07fff 64bit pref]
Jul 28 10:39:41 wifo3-02 kernel: [    0.406292] pci 0000:04:00.0: PME# supported from D0 D3hot D3cold
Jul 28 10:39:41 wifo3-02 kernel: [    0.406318] pci 0000:04:00.0: reg 0x184: [mem 0x00000000-0x00003fff 64bit]
Jul 28 10:39:41 wifo3-02 kernel: [    0.406329] pci 0000:04:00.0: reg 0x190: [mem 0x00000000-0x00003fff 64bit]
Jul 28 10:39:41 wifo3-02 kernel: [    0.406395] pci 0000:04:00.1: [8086:1528] type 00 class 0x020000
Jul 28 10:39:41 wifo3-02 kernel: [    0.406408] pci 0000:04:00.1: reg 0x10: [mem 0xfba00000-0xfbbfffff 64bit pref]
Jul 28 10:39:41 wifo3-02 kernel: [    0.406415] pci 0000:04:00.1: reg 0x18: [io  0xe000-0xe01f]
Jul 28 10:39:41 wifo3-02 kernel: [    0.406429] pci 0000:04:00.1: reg 0x20: [mem 0xfbe00000-0xfbe03fff 64bit pref]
Jul 28 10:39:41 wifo3-02 kernel: [    0.406473] pci 0000:04:00.1: PME# supported from D0 D3hot D3cold
Jul 28 10:39:41 wifo3-02 kernel: [    0.406495] pci 0000:04:00.1: reg 0x184: [mem 0x00000000-0x00003fff 64bit]
Jul 28 10:39:41 wifo3-02 kernel: [    0.406507] pci 0000:04:00.1: reg 0x190: [mem 0x00000000-0x00003fff 64bit]
Jul 28 10:39:41 wifo3-02 kernel: [    0.412822] pci 0000:00:03.2: PCI bridge to [bus 04]
Jul 28 10:39:41 wifo3-02 kernel: [    0.412826] pci 0000:00:03.2:   bridge window [io  0xe000-0xefff]
Jul 28 10:39:41 wifo3-02 kernel: [    0.412833] pci 0000:00:03.2:   bridge window [mem 0xfba00000-0xfbefffff 64bit pref]
Jul 28 10:39:41 wifo3-02 kernel: [    0.412901] pci 0000:00:1c.0: PCI bridge to [bus 05]
Jul 28 10:39:41 wifo3-02 kernel: [    0.412979] pci 0000:06:00.0: [1a03:1150] type 01 class 0x060400
Jul 28 10:39:41 wifo3-02 kernel: [    0.413105] pci 0000:06:00.0: supports D1 D2
Jul 28 10:39:41 wifo3-02 kernel: [    0.413106] pci 0000:06:00.0: PME# supported from D0 D1 D2 D3hot D3cold
Jul 28 10:39:41 wifo3-02 kernel: [    0.420835] pci 0000:00:1c.4: PCI bridge to [bus 06-07]
Jul 28 10:39:41 wifo3-02 kernel: [    0.420838] pci 0000:00:1c.4:   bridge window [io  0xd000-0xdfff]
Jul 28 10:39:41 wifo3-02 kernel: [    0.420841] pci 0000:00:1c.4:   bridge window [mem 0xfa000000-0xfb0fffff]
Jul 28 10:39:41 wifo3-02 kernel: [    0.420938] pci 0000:07:00.0: [1a03:2000] type 00 class 0x030000
Jul 28 10:39:41 wifo3-02 kernel: [    0.420965] pci 0000:07:00.0: reg 0x10: [mem 0xfa000000-0xfaffffff]
Jul 28 10:39:41 wifo3-02 kernel: [    0.420979] pci 0000:07:00.0: reg 0x14: [mem 0xfb000000-0xfb01ffff]
Jul 28 10:39:41 wifo3-02 kernel: [    0.420992] pci 0000:07:00.0: reg 0x18: [io  0xd000-0xd07f]
Jul 28 10:39:41 wifo3-02 kernel: [    0.421094] pci 0000:07:00.0: supports D1 D2
Jul 28 10:39:41 wifo3-02 kernel: [    0.421096] pci 0000:07:00.0: PME# supported from D0 D1 D2 D3hot D3cold
Jul 28 10:39:41 wifo3-02 kernel: [    0.421195] pci 0000:06:00.0: PCI bridge to [bus 07]
Jul 28 10:39:41 wifo3-02 kernel: [    0.421203] pci 0000:06:00.0:   bridge window [io  0xd000-0xdfff]
Jul 28 10:39:41 wifo3-02 kernel: [    0.421207] pci 0000:06:00.0:   bridge window [mem 0xfa000000-0xfb0fffff]
Jul 28 10:39:41 wifo3-02 kernel: [    0.421250] pci_bus 0000:00: on NUMA node 0
Jul 28 10:39:41 wifo3-02 kernel: [    0.421252] acpi PNP0A08:00: Disabling ASPM (FADT indicates it is unsupported)
Jul 28 10:39:41 wifo3-02 kernel: [    0.421928] ACPI: PCI Interrupt Link [LNKA] (IRQs 3 4 5 6 7 10 *11 12 14 15)
Jul 28 10:39:41 wifo3-02 kernel: [    0.421972] ACPI: PCI Interrupt Link [LNKB] (IRQs 3 4 5 6 7 *10 11 12 14 15)
Jul 28 10:39:41 wifo3-02 kernel: [    0.422013] ACPI: PCI Interrupt Link [LNKC] (IRQs 3 4 *5 6 10 11 12 14 15)
Jul 28 10:39:41 wifo3-02 kernel: [    0.422054] ACPI: PCI Interrupt Link [LNKD] (IRQs 3 4 5 6 10 *11 12 14 15)
Jul 28 10:39:41 wifo3-02 kernel: [    0.422095] ACPI: PCI Interrupt Link [LNKE] (IRQs 3 4 5 6 7 10 11 12 14 15) *0, disabled.
Jul 28 10:39:41 wifo3-02 kernel: [    0.422136] ACPI: PCI Interrupt Link [LNKF] (IRQs 3 4 5 6 7 10 11 12 14 15) *0, disabled.
Jul 28 10:39:41 wifo3-02 kernel: [    0.422177] ACPI: PCI Interrupt Link [LNKG] (IRQs 3 4 5 6 7 10 11 12 14 15) *0, disabled.
Jul 28 10:39:41 wifo3-02 kernel: [    0.422219] ACPI: PCI Interrupt Link [LNKH] (IRQs 3 4 5 6 7 10 11 12 14 15) *0, disabled.
Jul 28 10:39:41 wifo3-02 kernel: [    0.422325] ACPI: Enabled 3 GPEs in block 00 to 3F
Jul 28 10:39:41 wifo3-02 kernel: [    0.422457] vgaarb: setting as boot device: PCI:0000:07:00.0
Jul 28 10:39:41 wifo3-02 kernel: [    0.422459] vgaarb: device added: PCI:0000:07:00.0,decodes=io+mem,owns=io+mem,locks=none
Jul 28 10:39:41 wifo3-02 kernel: [    0.422460] vgaarb: loaded
Jul 28 10:39:41 wifo3-02 kernel: [    0.422461] vgaarb: bridge control possible 0000:07:00.0
Jul 28 10:39:41 wifo3-02 kernel: [    0.422518] PCI: Using ACPI for IRQ routing
Jul 28 10:39:41 wifo3-02 kernel: [    0.428611] PCI: pci_cache_line_size set to 64 bytes
Jul 28 10:39:41 wifo3-02 kernel: [    0.428712] e820: reserve RAM buffer [mem 0x0009ac00-0x0009ffff]
Jul 28 10:39:41 wifo3-02 kernel: [    0.428713] e820: reserve RAM buffer [mem 0x79418000-0x7bffffff]
Jul 28 10:39:41 wifo3-02 kernel: [    0.428715] e820: reserve RAM buffer [mem 0x79b52000-0x7bffffff]
Jul 28 10:39:41 wifo3-02 kernel: [    0.428716] e820: reserve RAM buffer [mem 0x7bd54000-0x7bffffff]
Jul 28 10:39:41 wifo3-02 kernel: [    0.428832] hpet0: at MMIO 0xfed00000, IRQs 2, 8, 0, 0, 0, 0, 0, 0
Jul 28 10:39:41 wifo3-02 kernel: [    0.428837] hpet0: 8 comparators, 64-bit 14.318180 MHz counter
Jul 28 10:39:41 wifo3-02 kernel: [    0.430873] Switched to clocksource hpet
Jul 28 10:39:41 wifo3-02 kernel: [    0.560248] pnp: PnP ACPI init
Jul 28 10:39:41 wifo3-02 kernel: [    0.560258] ACPI: bus type PNP registered
Jul 28 10:39:41 wifo3-02 kernel: [    0.595385] pnp 00:00: Plug and Play ACPI device, IDs PNP0b00 (active)
Jul 28 10:39:41 wifo3-02 kernel: [    0.595553] system 00:01: [io  0x0500-0x057f] has been reserved
Jul 28 10:39:41 wifo3-02 kernel: [    0.595555] system 00:01: [io  0x0400-0x047f] could not be reserved
Jul 28 10:39:41 wifo3-02 kernel: [    0.595557] system 00:01: [io  0x0580-0x059f] has been reserved
Jul 28 10:39:41 wifo3-02 kernel: [    0.595558] system 00:01: [io  0x0600-0x061f] has been reserved
Jul 28 10:39:41 wifo3-02 kernel: [    0.595560] system 00:01: [io  0x0880-0x0883] has been reserved
Jul 28 10:39:41 wifo3-02 kernel: [    0.595561] system 00:01: [io  0x0800-0x081f] has been reserved
Jul 28 10:39:41 wifo3-02 kernel: [    0.595563] system 00:01: [mem 0xfed1c000-0xfed3ffff] could not be reserved
Jul 28 10:39:41 wifo3-02 kernel: [    0.595565] system 00:01: [mem 0xfed45000-0xfed8bfff] has been reserved
Jul 28 10:39:41 wifo3-02 kernel: [    0.595566] system 00:01: [mem 0xff000000-0xffffffff] has been reserved
Jul 28 10:39:41 wifo3-02 kernel: [    0.595568] system 00:01: [mem 0xfee00000-0xfeefffff] has been reserved
Jul 28 10:39:41 wifo3-02 kernel: [    0.595569] system 00:01: [mem 0xfed12000-0xfed1200f] has been reserved
Jul 28 10:39:41 wifo3-02 kernel: [    0.595571] system 00:01: [mem 0xfed12010-0xfed1201f] has been reserved
Jul 28 10:39:41 wifo3-02 kernel: [    0.595572] system 00:01: [mem 0xfed1b000-0xfed1bfff] has been reserved
Jul 28 10:39:41 wifo3-02 kernel: [    0.595575] system 00:01: Plug and Play ACPI device, IDs PNP0c02 (active)
Jul 28 10:39:41 wifo3-02 kernel: [    0.595763] system 00:02: [io  0x0a00-0x0a0f] has been reserved
Jul 28 10:39:41 wifo3-02 kernel: [    0.595765] system 00:02: [io  0x0a10-0x0a1f] has been reserved
Jul 28 10:39:41 wifo3-02 kernel: [    0.595766] system 00:02: [io  0x0a20-0x0a2f] has been reserved
Jul 28 10:39:41 wifo3-02 kernel: [    0.595767] system 00:02: [io  0x0a30-0x0a3f] has been reserved
Jul 28 10:39:41 wifo3-02 kernel: [    0.595769] system 00:02: [io  0x0a40-0x0a4f] has been reserved
Jul 28 10:39:41 wifo3-02 kernel: [    0.595771] system 00:02: Plug and Play ACPI device, IDs PNP0c02 (active)
Jul 28 10:39:41 wifo3-02 kernel: [    0.595957] pnp 00:03: [dma 0 disabled]
Jul 28 10:39:41 wifo3-02 kernel: [    0.596003] pnp 00:03: Plug and Play ACPI device, IDs PNP0501 (active)
Jul 28 10:39:41 wifo3-02 kernel: [    0.596176] pnp 00:04: [dma 0 disabled]
Jul 28 10:39:41 wifo3-02 kernel: [    0.596218] pnp 00:04: Plug and Play ACPI device, IDs PNP0501 (active)
Jul 28 10:39:41 wifo3-02 kernel: [    0.596298] pnp 00:05: Plug and Play ACPI device, IDs IPI0001 (active)
Jul 28 10:39:41 wifo3-02 kernel: [    0.596696] pnp: PnP ACPI: found 6 devices
Jul 28 10:39:41 wifo3-02 kernel: [    0.596698] ACPI: bus type PNP unregistered
Jul 28 10:39:41 wifo3-02 kernel: [    0.602881] pci_bus 0000:00: max bus depth: 2 pci_try_num: 3
Jul 28 10:39:41 wifo3-02 kernel: [    0.602904] pci 0000:04:00.0: reg 0x184: [mem 0x00000000-0x00003fff 64bit]
Jul 28 10:39:41 wifo3-02 kernel: [    0.602912] pci 0000:04:00.0: reg 0x190: [mem 0x00000000-0x00003fff 64bit]
Jul 28 10:39:41 wifo3-02 kernel: [    0.602920] pci 0000:04:00.1: reg 0x184: [mem 0x00000000-0x00003fff 64bit]
Jul 28 10:39:41 wifo3-02 kernel: [    0.602927] pci 0000:04:00.1: reg 0x190: [mem 0x00000000-0x00003fff 64bit]
Jul 28 10:39:41 wifo3-02 kernel: [    0.602955] pci 0000:00:03.2: BAR 14: assigned [mem 0x90000000-0x903fffff]
Jul 28 10:39:41 wifo3-02 kernel: [    0.602956] pci 0000:00:01.0: PCI bridge to [bus 01]
Jul 28 10:39:41 wifo3-02 kernel: [    0.602962] pci 0000:00:02.0: PCI bridge to [bus 02]
Jul 28 10:39:41 wifo3-02 kernel: [    0.602967] pci 0000:00:03.0: PCI bridge to [bus 03]
Jul 28 10:39:41 wifo3-02 kernel: [    0.602980] pci 0000:04:00.0: reg 0x184: [mem 0x00000000-0x00003fff 64bit]
Jul 28 10:39:41 wifo3-02 kernel: [    0.602987] pci 0000:04:00.0: reg 0x190: [mem 0x00000000-0x00003fff 64bit]
Jul 28 10:39:41 wifo3-02 kernel: [    0.602995] pci 0000:04:00.0: reg 0x184: [mem 0x00000000-0x00003fff 64bit]
Jul 28 10:39:41 wifo3-02 kernel: [    0.603003] pci 0000:04:00.1: reg 0x184: [mem 0x00000000-0x00003fff 64bit]
Jul 28 10:39:41 wifo3-02 kernel: [    0.603015] pci 0000:04:00.0: reg 0x184: [mem 0x00000000-0x00003fff 64bit]
Jul 28 10:39:41 wifo3-02 kernel: [    0.603022] pci 0000:04:00.0: reg 0x190: [mem 0x00000000-0x00003fff 64bit]
Jul 28 10:39:41 wifo3-02 kernel: [    0.603030] pci 0000:04:00.1: reg 0x190: [mem 0x00000000-0x00003fff 64bit]
Jul 28 10:39:41 wifo3-02 kernel: [    0.603038] pci 0000:04:00.0: reg 0x184: [mem 0x00000000-0x00003fff 64bit]
Jul 28 10:39:41 wifo3-02 kernel: [    0.603045] pci 0000:04:00.0: reg 0x190: [mem 0x00000000-0x00003fff 64bit]
Jul 28 10:39:41 wifo3-02 kernel: [    0.603053] pci 0000:04:00.1: reg 0x184: [mem 0x00000000-0x00003fff 64bit]
Jul 28 10:39:41 wifo3-02 kernel: [    0.603061] pci 0000:04:00.0: reg 0x184: [mem 0x00000000-0x00003fff 64bit]
Jul 28 10:39:41 wifo3-02 kernel: [    0.603063] pci 0000:04:00.0: BAR 7: assigned [mem 0x90000000-0x900fffff 64bit]
Jul 28 10:39:41 wifo3-02 kernel: [    0.603075] pci 0000:04:00.0: reg 0x190: [mem 0x00000000-0x00003fff 64bit]
Jul 28 10:39:41 wifo3-02 kernel: [    0.603077] pci 0000:04:00.0: BAR 10: assigned [mem 0x90100000-0x901fffff 64bit]
Jul 28 10:39:41 wifo3-02 kernel: [    0.603089] pci 0000:04:00.1: reg 0x184: [mem 0x00000000-0x00003fff 64bit]
Jul 28 10:39:41 wifo3-02 kernel: [    0.603091] pci 0000:04:00.1: BAR 7: assigned [mem 0x90200000-0x902fffff 64bit]
Jul 28 10:39:41 wifo3-02 kernel: [    0.603103] pci 0000:04:00.1: reg 0x190: [mem 0x00000000-0x00003fff 64bit]
Jul 28 10:39:41 wifo3-02 kernel: [    0.603105] pci 0000:04:00.1: BAR 10: assigned [mem 0x90300000-0x903fffff 64bit]
Jul 28 10:39:41 wifo3-02 kernel: [    0.603110] pci 0000:00:03.2: PCI bridge to [bus 04]
Jul 28 10:39:41 wifo3-02 kernel: [    0.603112] pci 0000:00:03.2:   bridge window [io  0xe000-0xefff]
Jul 28 10:39:41 wifo3-02 kernel: [    0.603115] pci 0000:00:03.2:   bridge window [mem 0x90000000-0x903fffff]
Jul 28 10:39:41 wifo3-02 kernel: [    0.603117] pci 0000:00:03.2:   bridge window [mem 0xfba00000-0xfbefffff 64bit pref]
Jul 28 10:39:41 wifo3-02 kernel: [    0.603120] pci 0000:00:1c.0: PCI bridge to [bus 05]
Jul 28 10:39:41 wifo3-02 kernel: [    0.603129] pci 0000:06:00.0: PCI bridge to [bus 07]
Jul 28 10:39:41 wifo3-02 kernel: [    0.603132] pci 0000:06:00.0:   bridge window [io  0xd000-0xdfff]
Jul 28 10:39:41 wifo3-02 kernel: [    0.603138] pci 0000:06:00.0:   bridge window [mem 0xfa000000-0xfb0fffff]
Jul 28 10:39:41 wifo3-02 kernel: [    0.603149] pci 0000:00:1c.4: PCI bridge to [bus 06-07]
Jul 28 10:39:41 wifo3-02 kernel: [    0.603151] pci 0000:00:1c.4:   bridge window [io  0xd000-0xdfff]
Jul 28 10:39:41 wifo3-02 kernel: [    0.603154] pci 0000:00:1c.4:   bridge window [mem 0xfa000000-0xfb0fffff]
Jul 28 10:39:41 wifo3-02 kernel: [    0.603161] pci_bus 0000:00: resource 4 [io  0x0000-0x03af]
Jul 28 10:39:41 wifo3-02 kernel: [    0.603162] pci_bus 0000:00: resource 5 [io  0x03e0-0x0cf7]
Jul 28 10:39:41 wifo3-02 kernel: [    0.603163] pci_bus 0000:00: resource 6 [io  0x03b0-0x03df]
Jul 28 10:39:41 wifo3-02 kernel: [    0.603165] pci_bus 0000:00: resource 7 [io  0x1000-0xffff]
Jul 28 10:39:41 wifo3-02 kernel: [    0.603166] pci_bus 0000:00: resource 8 [mem 0x000a0000-0x000bffff]
Jul 28 10:39:41 wifo3-02 kernel: [    0.603167] pci_bus 0000:00: resource 9 [mem 0xfed40000-0xfed44fff]
Jul 28 10:39:41 wifo3-02 kernel: [    0.603168] pci_bus 0000:00: resource 10 [mem 0xfedb0000-0xfedb000f]
Jul 28 10:39:41 wifo3-02 kernel: [    0.603170] pci_bus 0000:00: resource 11 [mem 0xfedc0000-0xfedc000f]
Jul 28 10:39:41 wifo3-02 kernel: [    0.603171] pci_bus 0000:00: resource 12 [mem 0x90000000-0xfbffbfff]
Jul 28 10:39:41 wifo3-02 kernel: [    0.603172] pci_bus 0000:04: resource 0 [io  0xe000-0xefff]
Jul 28 10:39:41 wifo3-02 kernel: [    0.603173] pci_bus 0000:04: resource 1 [mem 0x90000000-0x903fffff]
Jul 28 10:39:41 wifo3-02 kernel: [    0.603175] pci_bus 0000:04: resource 2 [mem 0xfba00000-0xfbefffff 64bit pref]
Jul 28 10:39:41 wifo3-02 kernel: [    0.603176] pci_bus 0000:06: resource 0 [io  0xd000-0xdfff]
Jul 28 10:39:41 wifo3-02 kernel: [    0.603177] pci_bus 0000:06: resource 1 [mem 0xfa000000-0xfb0fffff]
Jul 28 10:39:41 wifo3-02 kernel: [    0.603179] pci_bus 0000:07: resource 0 [io  0xd000-0xdfff]
Jul 28 10:39:41 wifo3-02 kernel: [    0.603180] pci_bus 0000:07: resource 1 [mem 0xfa000000-0xfb0fffff]
Jul 28 10:39:41 wifo3-02 kernel: [    0.603296] NET: Registered protocol family 2
Jul 28 10:39:41 wifo3-02 kernel: [    0.603697] TCP established hash table entries: 262144 (order: 9, 2097152 bytes)
Jul 28 10:39:41 wifo3-02 kernel: [    0.604021] TCP bind hash table entries: 65536 (order: 8, 1048576 bytes)
Jul 28 10:39:41 wifo3-02 kernel: [    0.604146] TCP: Hash tables configured (established 262144 bind 65536)
Jul 28 10:39:41 wifo3-02 kernel: [    0.604165] TCP: reno registered
Jul 28 10:39:41 wifo3-02 kernel: [    0.604193] UDP hash table entries: 16384 (order: 7, 524288 bytes)
Jul 28 10:39:41 wifo3-02 kernel: [    0.604285] UDP-Lite hash table entries: 16384 (order: 7, 524288 bytes)
Jul 28 10:39:41 wifo3-02 kernel: [    0.604448] NET: Registered protocol family 1
Jul 28 10:39:41 wifo3-02 kernel: [    0.643156] pci 0000:07:00.0: Video device with shadowed ROM
Jul 28 10:39:41 wifo3-02 kernel: [    0.643159] PCI: CLS 64 bytes, default 64
Jul 28 10:39:41 wifo3-02 kernel: [    0.643198] Unpacking initramfs...
Jul 28 10:39:41 wifo3-02 kernel: [    0.889965] Freeing initrd memory: 14892K (ffff8800362da000 - ffff880037165000)
Jul 28 10:39:41 wifo3-02 kernel: [    0.890109] PCI-DMA: Using software bounce buffering for IO (SWIOTLB)
Jul 28 10:39:41 wifo3-02 kernel: [    0.890112] software IO TLB [mem 0x75418000-0x79418000] (64MB) mapped at [ffff880075418000-ffff880079417fff]
Jul 28 10:39:41 wifo3-02 kernel: [    0.890567] microcode: CPU0 sig=0x306f2, pf=0x1, revision=0x2b
Jul 28 10:39:41 wifo3-02 kernel: [    0.890575] microcode: CPU1 sig=0x306f2, pf=0x1, revision=0x2b
Jul 28 10:39:41 wifo3-02 kernel: [    0.890581] microcode: CPU2 sig=0x306f2, pf=0x1, revision=0x2b
Jul 28 10:39:41 wifo3-02 kernel: [    0.890586] microcode: CPU3 sig=0x306f2, pf=0x1, revision=0x2b
Jul 28 10:39:41 wifo3-02 kernel: [    0.890592] microcode: CPU4 sig=0x306f2, pf=0x1, revision=0x2b
Jul 28 10:39:41 wifo3-02 kernel: [    0.890599] microcode: CPU5 sig=0x306f2, pf=0x1, revision=0x2b
Jul 28 10:39:41 wifo3-02 kernel: [    0.890606] microcode: CPU6 sig=0x306f2, pf=0x1, revision=0x2b
Jul 28 10:39:41 wifo3-02 kernel: [    0.890612] microcode: CPU7 sig=0x306f2, pf=0x1, revision=0x2b
Jul 28 10:39:41 wifo3-02 kernel: [    0.890618] microcode: CPU8 sig=0x306f2, pf=0x1, revision=0x2b
Jul 28 10:39:41 wifo3-02 kernel: [    0.890624] microcode: CPU9 sig=0x306f2, pf=0x1, revision=0x2b
Jul 28 10:39:41 wifo3-02 kernel: [    0.890631] microcode: CPU10 sig=0x306f2, pf=0x1, revision=0x2b
Jul 28 10:39:41 wifo3-02 kernel: [    0.890637] microcode: CPU11 sig=0x306f2, pf=0x1, revision=0x2b
Jul 28 10:39:41 wifo3-02 kernel: [    0.890688] microcode: Microcode Update Driver: v2.00 <tigran@aivazian.fsnet.co.uk>, Peter Oruba
Jul 28 10:39:41 wifo3-02 kernel: [    0.891027] futex hash table entries: 4096 (order: 6, 262144 bytes)
Jul 28 10:39:41 wifo3-02 kernel: [    0.891088] audit: initializing netlink subsys (disabled)
Jul 28 10:39:41 wifo3-02 kernel: [    0.891103] audit: type=2000 audit(1438072743.828:1): initialized
Jul 28 10:39:41 wifo3-02 kernel: [    0.891441] HugeTLB registered 2 MB page size, pre-allocated 0 pages
Jul 28 10:39:41 wifo3-02 kernel: [    0.891460] zbud: loaded
Jul 28 10:39:41 wifo3-02 kernel: [    0.891727] VFS: Disk quotas dquot_6.5.2
Jul 28 10:39:41 wifo3-02 kernel: [    0.891755] Dquot-cache hash table entries: 512 (order 0, 4096 bytes)
Jul 28 10:39:41 wifo3-02 kernel: [    0.891816] msgmni has been set to 32768
Jul 28 10:39:41 wifo3-02 kernel: [    0.892110] alg: No test for stdrng (krng)
Jul 28 10:39:41 wifo3-02 kernel: [    0.892141] Block layer SCSI generic (bsg) driver version 0.4 loaded (major 252)
Jul 28 10:39:41 wifo3-02 kernel: [    0.892201] io scheduler noop registered
Jul 28 10:39:41 wifo3-02 kernel: [    0.892202] io scheduler deadline registered
Jul 28 10:39:41 wifo3-02 kernel: [    0.892253] io scheduler cfq registered (default)
Jul 28 10:39:41 wifo3-02 kernel: [    0.892490] pcieport 0000:00:01.0: irq 65 for MSI/MSI-X
Jul 28 10:39:41 wifo3-02 kernel: [    0.892606] pcieport 0000:00:02.0: irq 66 for MSI/MSI-X
Jul 28 10:39:41 wifo3-02 kernel: [    0.892715] pcieport 0000:00:03.0: irq 67 for MSI/MSI-X
Jul 28 10:39:41 wifo3-02 kernel: [    0.892819] pcieport 0000:00:03.2: irq 68 for MSI/MSI-X
Jul 28 10:39:41 wifo3-02 kernel: [    0.892931] pcieport 0000:00:1c.0: irq 69 for MSI/MSI-X
Jul 28 10:39:41 wifo3-02 kernel: [    0.893049] pcieport 0000:00:1c.4: irq 70 for MSI/MSI-X
Jul 28 10:39:41 wifo3-02 kernel: [    0.893131] pcieport 0000:00:01.0: Signaling PME through PCIe PME interrupt
Jul 28 10:39:41 wifo3-02 kernel: [    0.893133] pcie_pme 0000:00:01.0:pcie01: service driver pcie_pme loaded
Jul 28 10:39:41 wifo3-02 kernel: [    0.893145] pcieport 0000:00:02.0: Signaling PME through PCIe PME interrupt
Jul 28 10:39:41 wifo3-02 kernel: [    0.893148] pcie_pme 0000:00:02.0:pcie01: service driver pcie_pme loaded
Jul 28 10:39:41 wifo3-02 kernel: [    0.893159] pcieport 0000:00:03.0: Signaling PME through PCIe PME interrupt
Jul 28 10:39:41 wifo3-02 kernel: [    0.893161] pcie_pme 0000:00:03.0:pcie01: service driver pcie_pme loaded
Jul 28 10:39:41 wifo3-02 kernel: [    0.893172] pcieport 0000:00:03.2: Signaling PME through PCIe PME interrupt
Jul 28 10:39:41 wifo3-02 kernel: [    0.893174] pci 0000:04:00.0: Signaling PME through PCIe PME interrupt
Jul 28 10:39:41 wifo3-02 kernel: [    0.893175] pci 0000:04:00.1: Signaling PME through PCIe PME interrupt
Jul 28 10:39:41 wifo3-02 kernel: [    0.893177] pcie_pme 0000:00:03.2:pcie01: service driver pcie_pme loaded
Jul 28 10:39:41 wifo3-02 kernel: [    0.893189] pcieport 0000:00:1c.0: Signaling PME through PCIe PME interrupt
Jul 28 10:39:41 wifo3-02 kernel: [    0.893192] pcie_pme 0000:00:1c.0:pcie01: service driver pcie_pme loaded
Jul 28 10:39:41 wifo3-02 kernel: [    0.893203] pcieport 0000:00:1c.4: Signaling PME through PCIe PME interrupt
Jul 28 10:39:41 wifo3-02 kernel: [    0.893205] pci 0000:06:00.0: Signaling PME through PCIe PME interrupt
Jul 28 10:39:41 wifo3-02 kernel: [    0.893206] pci 0000:07:00.0: Signaling PME through PCIe PME interrupt
Jul 28 10:39:41 wifo3-02 kernel: [    0.893209] pcie_pme 0000:00:1c.4:pcie01: service driver pcie_pme loaded
Jul 28 10:39:41 wifo3-02 kernel: [    0.893225] ioapic: probe of 0000:00:05.4 failed with error -22
Jul 28 10:39:41 wifo3-02 kernel: [    0.893232] pci_hotplug: PCI Hot Plug PCI Core version: 0.5
Jul 28 10:39:41 wifo3-02 kernel: [    0.893246] pciehp: PCI Express Hot Plug Controller Driver version: 0.4
Jul 28 10:39:41 wifo3-02 kernel: [    0.893263] intel_idle: MWAIT substates: 0x2120
Jul 28 10:39:41 wifo3-02 kernel: [    0.893264] intel_idle: v0.4 model 0x3F
Jul 28 10:39:41 wifo3-02 kernel: [    0.893265] intel_idle: lapic_timer_reliable_states 0xffffffff
Jul 28 10:39:41 wifo3-02 kernel: [    0.893718] ERST: Error Record Serialization Table (ERST) support is initialized.
Jul 28 10:39:41 wifo3-02 kernel: [    0.893721] pstore: Registered erst as persistent store backend
Jul 28 10:39:41 wifo3-02 kernel: [    0.893886] GHES: APEI firmware first mode is enabled by APEI bit and WHEA _OSC.
Jul 28 10:39:41 wifo3-02 kernel: [    0.923384] Serial: 8250/16550 driver, 4 ports, IRQ sharing enabled
Jul 28 10:39:41 wifo3-02 kernel: [    0.943860] 00:03: ttyS0 at I/O 0x3f8 (irq = 4, base_baud = 115200) is a 16550A
Jul 28 10:39:41 wifo3-02 kernel: [    0.964344] 00:04: ttyS1 at I/O 0x2f8 (irq = 3, base_baud = 115200) is a 16550A
Jul 28 10:39:41 wifo3-02 kernel: [    0.964632] Linux agpgart interface v0.103
Jul 28 10:39:41 wifo3-02 kernel: [    0.964794] i8042: PNP: No PS/2 controller found. Probing ports directly.
Jul 28 10:39:41 wifo3-02 kernel: [    1.888107] tsc: Refined TSC clocksource calibration: 2399.997 MHz
Jul 28 10:39:41 wifo3-02 kernel: [    1.991815] i8042: No controller found
Jul 28 10:39:41 wifo3-02 kernel: [    1.991976] mousedev: PS/2 mouse device common for all mice
Jul 28 10:39:41 wifo3-02 kernel: [    1.992004] rtc_cmos 00:00: RTC can wake from S4
Jul 28 10:39:41 wifo3-02 kernel: [    1.992123] rtc_cmos 00:00: rtc core: registered rtc_cmos as rtc0
Jul 28 10:39:41 wifo3-02 kernel: [    1.992148] rtc_cmos 00:00: alarms up to one month, y3k, 114 bytes nvram, hpet irqs
Jul 28 10:39:41 wifo3-02 kernel: [    1.992158] Intel P-state driver initializing.
Jul 28 10:39:41 wifo3-02 kernel: [    1.992171] Intel pstate controlling: cpu 0
Jul 28 10:39:41 wifo3-02 kernel: [    1.992190] Intel pstate controlling: cpu 1
Jul 28 10:39:41 wifo3-02 kernel: [    1.992205] Intel pstate controlling: cpu 2
Jul 28 10:39:41 wifo3-02 kernel: [    1.992221] Intel pstate controlling: cpu 3
Jul 28 10:39:41 wifo3-02 kernel: [    1.992233] Intel pstate controlling: cpu 4
Jul 28 10:39:41 wifo3-02 kernel: [    1.992248] Intel pstate controlling: cpu 5
Jul 28 10:39:41 wifo3-02 kernel: [    1.992264] Intel pstate controlling: cpu 6
Jul 28 10:39:41 wifo3-02 kernel: [    1.992278] Intel pstate controlling: cpu 7
Jul 28 10:39:41 wifo3-02 kernel: [    1.992295] Intel pstate controlling: cpu 8
Jul 28 10:39:41 wifo3-02 kernel: [    1.992310] Intel pstate controlling: cpu 9
Jul 28 10:39:41 wifo3-02 kernel: [    1.992326] Intel pstate controlling: cpu 10
Jul 28 10:39:41 wifo3-02 kernel: [    1.992343] Intel pstate controlling: cpu 11
Jul 28 10:39:41 wifo3-02 kernel: [    1.992372] ledtrig-cpu: registered to indicate activity on CPUs
Jul 28 10:39:41 wifo3-02 kernel: [    1.993283] AMD IOMMUv2 driver by Joerg Roedel <joerg.roedel@amd.com>
Jul 28 10:39:41 wifo3-02 kernel: [    1.993285] AMD IOMMUv2 functionality not available on this system
Jul 28 10:39:41 wifo3-02 kernel: [    1.993416] TCP: cubic registered
Jul 28 10:39:41 wifo3-02 kernel: [    1.993611] NET: Registered protocol family 10
Jul 28 10:39:41 wifo3-02 kernel: [    1.993974] mip6: Mobile IPv6
Jul 28 10:39:41 wifo3-02 kernel: [    1.993980] NET: Registered protocol family 17
Jul 28 10:39:41 wifo3-02 kernel: [    1.993990] mpls_gso: MPLS GSO support
Jul 28 10:39:41 wifo3-02 kernel: [    1.994870] registered taskstats version 1
Jul 28 10:39:41 wifo3-02 kernel: [    1.995944] rtc_cmos 00:00: setting system clock to 2015-07-28 08:39:05 UTC (1438072745)
Jul 28 10:39:41 wifo3-02 kernel: [    1.996049] PM: Hibernation image not present or could not be loaded.
Jul 28 10:39:41 wifo3-02 kernel: [    1.997275] Freeing unused kernel memory: 1204K (ffffffff818ee000 - ffffffff81a1b000)
Jul 28 10:39:41 wifo3-02 kernel: [    1.997277] Write protecting the kernel read-only data: 8192k
Jul 28 10:39:41 wifo3-02 kernel: [    2.000819] Freeing unused kernel memory: 924K (ffff880001519000 - ffff880001600000)
Jul 28 10:39:41 wifo3-02 kernel: [    2.001583] Freeing unused kernel memory: 216K (ffff8800017ca000 - ffff880001800000)
Jul 28 10:39:41 wifo3-02 kernel: [    2.012796] random: systemd-udevd urandom read with 2 bits of entropy available
Jul 28 10:39:41 wifo3-02 kernel: [    2.047145] pps_core: LinuxPPS API ver. 1 registered
Jul 28 10:39:41 wifo3-02 kernel: [    2.047149] pps_core: Software ver. 5.3.6 - Copyright 2005-2007 Rodolfo Giometti <giometti@linux.it>
Jul 28 10:39:41 wifo3-02 kernel: [    2.047613] PTP clock support registered
Jul 28 10:39:41 wifo3-02 kernel: [    2.047925] dca service started, version 1.12.1
Jul 28 10:39:41 wifo3-02 kernel: [    2.048531] SCSI subsystem initialized
Jul 28 10:39:41 wifo3-02 kernel: [    2.049077] ixgbe: Intel(R) 10 Gigabit PCI Express Network Driver - version 3.19.1-k
Jul 28 10:39:41 wifo3-02 kernel: [    2.049079] ixgbe: Copyright (c) 1999-2014 Intel Corporation.
Jul 28 10:39:41 wifo3-02 kernel: [    2.049082] ACPI: bus type USB registered
Jul 28 10:39:41 wifo3-02 kernel: [    2.049113] usbcore: registered new interface driver usbfs
Jul 28 10:39:41 wifo3-02 kernel: [    2.049127] usbcore: registered new interface driver hub
Jul 28 10:39:41 wifo3-02 kernel: [    2.049171] usbcore: registered new device driver usb
Jul 28 10:39:41 wifo3-02 kernel: [    2.049965] libata version 3.00 loaded.
Jul 28 10:39:41 wifo3-02 kernel: [    2.050001] ehci_hcd: USB 2.0 'Enhanced' Host Controller (EHCI) Driver
Jul 28 10:39:41 wifo3-02 kernel: [    2.050366] ehci-pci: EHCI PCI platform driver
Jul 28 10:39:41 wifo3-02 kernel: [    2.050506] ehci-pci 0000:00:1a.0: EHCI Host Controller
Jul 28 10:39:41 wifo3-02 kernel: [    2.050512] ehci-pci 0000:00:1a.0: new USB bus registered, assigned bus number 1
Jul 28 10:39:41 wifo3-02 kernel: [    2.050525] ehci-pci 0000:00:1a.0: debug port 2
Jul 28 10:39:41 wifo3-02 kernel: [    2.054433] ehci-pci 0000:00:1a.0: cache line size of 64 is not supported
Jul 28 10:39:41 wifo3-02 kernel: [    2.054449] ehci-pci 0000:00:1a.0: irq 18, io mem 0xfb134000
Jul 28 10:39:41 wifo3-02 kernel: [    2.064165] ehci-pci 0000:00:1a.0: USB 2.0 started, EHCI 1.00
Jul 28 10:39:41 wifo3-02 kernel: [    2.064209] usb usb1: New USB device found, idVendor=1d6b, idProduct=0002
Jul 28 10:39:41 wifo3-02 kernel: [    2.064212] usb usb1: New USB device strings: Mfr=3, Product=2, SerialNumber=1
Jul 28 10:39:41 wifo3-02 kernel: [    2.064213] usb usb1: Product: EHCI Host Controller
Jul 28 10:39:41 wifo3-02 kernel: [    2.064214] usb usb1: Manufacturer: Linux 3.16.0-4-amd64 ehci_hcd
Jul 28 10:39:41 wifo3-02 kernel: [    2.064215] usb usb1: SerialNumber: 0000:00:1a.0
Jul 28 10:39:41 wifo3-02 kernel: [    2.064343] hub 1-0:1.0: USB hub found
Jul 28 10:39:41 wifo3-02 kernel: [    2.064348] hub 1-0:1.0: 2 ports detected
Jul 28 10:39:41 wifo3-02 kernel: [    2.064574] ehci-pci 0000:00:1d.0: EHCI Host Controller
Jul 28 10:39:41 wifo3-02 kernel: [    2.064580] ehci-pci 0000:00:1d.0: new USB bus registered, assigned bus number 2
Jul 28 10:39:41 wifo3-02 kernel: [    2.064592] ehci-pci 0000:00:1d.0: debug port 2
Jul 28 10:39:41 wifo3-02 kernel: [    2.068512] ehci-pci 0000:00:1d.0: cache line size of 64 is not supported
Jul 28 10:39:41 wifo3-02 kernel: [    2.068516] ehci-pci 0000:00:1d.0: irq 18, io mem 0xfb133000
Jul 28 10:39:41 wifo3-02 kernel: [    2.080183] ehci-pci 0000:00:1d.0: USB 2.0 started, EHCI 1.00
Jul 28 10:39:41 wifo3-02 kernel: [    2.080214] usb usb2: New USB device found, idVendor=1d6b, idProduct=0002
Jul 28 10:39:41 wifo3-02 kernel: [    2.080216] usb usb2: New USB device strings: Mfr=3, Product=2, SerialNumber=1
Jul 28 10:39:41 wifo3-02 kernel: [    2.080217] usb usb2: Product: EHCI Host Controller
Jul 28 10:39:41 wifo3-02 kernel: [    2.080219] usb usb2: Manufacturer: Linux 3.16.0-4-amd64 ehci_hcd
Jul 28 10:39:41 wifo3-02 kernel: [    2.080220] usb usb2: SerialNumber: 0000:00:1d.0
Jul 28 10:39:41 wifo3-02 kernel: [    2.080328] hub 2-0:1.0: USB hub found
Jul 28 10:39:41 wifo3-02 kernel: [    2.080333] hub 2-0:1.0: 2 ports detected
Jul 28 10:39:41 wifo3-02 kernel: [    2.080576] xhci_hcd 0000:00:14.0: xHCI Host Controller
Jul 28 10:39:41 wifo3-02 kernel: [    2.080582] xhci_hcd 0000:00:14.0: new USB bus registered, assigned bus number 3
Jul 28 10:39:41 wifo3-02 kernel: [    2.080661] xhci_hcd 0000:00:14.0: cache line size of 64 is not supported
Jul 28 10:39:41 wifo3-02 kernel: [    2.080708] usb usb3: New USB device found, idVendor=1d6b, idProduct=0002
Jul 28 10:39:41 wifo3-02 kernel: [    2.080710] usb usb3: New USB device strings: Mfr=3, Product=2, SerialNumber=1
Jul 28 10:39:41 wifo3-02 kernel: [    2.080711] usb usb3: Product: xHCI Host Controller
Jul 28 10:39:41 wifo3-02 kernel: [    2.080712] usb usb3: Manufacturer: Linux 3.16.0-4-amd64 xhci_hcd
Jul 28 10:39:41 wifo3-02 kernel: [    2.080713] usb usb3: SerialNumber: 0000:00:14.0
Jul 28 10:39:41 wifo3-02 kernel: [    2.080823] hub 3-0:1.0: USB hub found
Jul 28 10:39:41 wifo3-02 kernel: [    2.080841] hub 3-0:1.0: 15 ports detected
Jul 28 10:39:41 wifo3-02 kernel: [    2.126327] xhci_hcd 0000:00:14.0: xHCI Host Controller
Jul 28 10:39:41 wifo3-02 kernel: [    2.126331] xhci_hcd 0000:00:14.0: new USB bus registered, assigned bus number 4
Jul 28 10:39:41 wifo3-02 kernel: [    2.126376] usb usb4: New USB device found, idVendor=1d6b, idProduct=0003
Jul 28 10:39:41 wifo3-02 kernel: [    2.126378] usb usb4: New USB device strings: Mfr=3, Product=2, SerialNumber=1
Jul 28 10:39:41 wifo3-02 kernel: [    2.126379] usb usb4: Product: xHCI Host Controller
Jul 28 10:39:41 wifo3-02 kernel: [    2.126381] usb usb4: Manufacturer: Linux 3.16.0-4-amd64 xhci_hcd
Jul 28 10:39:41 wifo3-02 kernel: [    2.126382] usb usb4: SerialNumber: 0000:00:14.0
Jul 28 10:39:41 wifo3-02 kernel: [    2.126503] hub 4-0:1.0: USB hub found
Jul 28 10:39:41 wifo3-02 kernel: [    2.126515] hub 4-0:1.0: 6 ports detected
Jul 28 10:39:41 wifo3-02 kernel: [    2.127542] ahci 0000:00:11.4: version 3.0
Jul 28 10:39:41 wifo3-02 kernel: [    2.127673] ahci 0000:00:11.4: irq 71 for MSI/MSI-X
Jul 28 10:39:41 wifo3-02 kernel: [    2.127695] ahci 0000:00:11.4: SSS flag set, parallel bus scan disabled
Jul 28 10:39:41 wifo3-02 kernel: [    2.127725] ahci 0000:00:11.4: AHCI 0001.0300 32 slots 4 ports 6 Gbps 0xf impl SATA mode
Jul 28 10:39:41 wifo3-02 kernel: [    2.127727] ahci 0000:00:11.4: flags: 64bit ncq stag pm led clo pio slum part ems apst 
Jul 28 10:39:41 wifo3-02 kernel: [    2.148707] scsi0 : ahci
Jul 28 10:39:41 wifo3-02 kernel: [    2.148860] scsi1 : ahci
Jul 28 10:39:41 wifo3-02 kernel: [    2.148951] scsi2 : ahci
Jul 28 10:39:41 wifo3-02 kernel: [    2.149042] scsi3 : ahci
Jul 28 10:39:41 wifo3-02 kernel: [    2.149090] ata1: SATA max UDMA/133 abar m2048@0xfb138000 port 0xfb138100 irq 71
Jul 28 10:39:41 wifo3-02 kernel: [    2.149092] ata2: SATA max UDMA/133 abar m2048@0xfb138000 port 0xfb138180 irq 71
Jul 28 10:39:41 wifo3-02 kernel: [    2.149094] ata3: SATA max UDMA/133 abar m2048@0xfb138000 port 0xfb138200 irq 71
Jul 28 10:39:41 wifo3-02 kernel: [    2.149096] ata4: SATA max UDMA/133 abar m2048@0xfb138000 port 0xfb138280 irq 71
Jul 28 10:39:41 wifo3-02 kernel: [    2.149218] ahci 0000:00:1f.2: irq 72 for MSI/MSI-X
Jul 28 10:39:41 wifo3-02 kernel: [    2.149245] ahci 0000:00:1f.2: SSS flag set, parallel bus scan disabled
Jul 28 10:39:41 wifo3-02 kernel: [    2.149284] ahci 0000:00:1f.2: AHCI 0001.0300 32 slots 6 ports 6 Gbps 0x3f impl SATA mode
Jul 28 10:39:41 wifo3-02 kernel: [    2.149286] ahci 0000:00:1f.2: flags: 64bit ncq stag pm led clo pio slum part ems apst 
Jul 28 10:39:41 wifo3-02 kernel: [    2.188771] scsi4 : ahci
Jul 28 10:39:41 wifo3-02 kernel: [    2.188882] scsi5 : ahci
Jul 28 10:39:41 wifo3-02 kernel: [    2.188976] scsi6 : ahci
Jul 28 10:39:41 wifo3-02 kernel: [    2.189074] scsi7 : ahci
Jul 28 10:39:41 wifo3-02 kernel: [    2.189178] scsi8 : ahci
Jul 28 10:39:41 wifo3-02 kernel: [    2.189275] scsi9 : ahci
Jul 28 10:39:41 wifo3-02 kernel: [    2.189313] ata5: SATA max UDMA/133 abar m2048@0xfb132000 port 0xfb132100 irq 72
Jul 28 10:39:41 wifo3-02 kernel: [    2.189315] ata6: SATA max UDMA/133 abar m2048@0xfb132000 port 0xfb132180 irq 72
Jul 28 10:39:41 wifo3-02 kernel: [    2.189317] ata7: SATA max UDMA/133 abar m2048@0xfb132000 port 0xfb132200 irq 72
Jul 28 10:39:41 wifo3-02 kernel: [    2.189319] ata8: SATA max UDMA/133 abar m2048@0xfb132000 port 0xfb132280 irq 72
Jul 28 10:39:41 wifo3-02 kernel: [    2.189320] ata9: SATA max UDMA/133 abar m2048@0xfb132000 port 0xfb132300 irq 72
Jul 28 10:39:41 wifo3-02 kernel: [    2.189322] ata10: SATA max UDMA/133 abar m2048@0xfb132000 port 0xfb132380 irq 72
Jul 28 10:39:41 wifo3-02 kernel: [    2.376425] usb 1-1: new high-speed USB device number 2 using ehci-pci
Jul 28 10:39:41 wifo3-02 kernel: [    2.468485] ata1: SATA link up 6.0 Gbps (SStatus 133 SControl 300)
Jul 28 10:39:41 wifo3-02 kernel: [    2.469061] ata1.00: ATA-9: WDC WD40EFRX-68WT0N0, 82.00A82, max UDMA/133
Jul 28 10:39:41 wifo3-02 kernel: [    2.469066] ata1.00: 7814037168 sectors, multi 16: LBA48 NCQ (depth 31/32), AA
Jul 28 10:39:41 wifo3-02 kernel: [    2.469686] ata1.00: configured for UDMA/133
Jul 28 10:39:41 wifo3-02 kernel: [    2.469881] scsi 0:0:0:0: Direct-Access     ATA      WDC WD40EFRX-68W 0A82 PQ: 0 ANSI: 5
Jul 28 10:39:41 wifo3-02 kernel: [    2.478520] ixgbe 0000:04:00.0: irq 73 for MSI/MSI-X
Jul 28 10:39:41 wifo3-02 kernel: [    2.478531] ixgbe 0000:04:00.0: irq 74 for MSI/MSI-X
Jul 28 10:39:41 wifo3-02 kernel: [    2.478540] ixgbe 0000:04:00.0: irq 75 for MSI/MSI-X
Jul 28 10:39:41 wifo3-02 kernel: [    2.478548] ixgbe 0000:04:00.0: irq 76 for MSI/MSI-X
Jul 28 10:39:41 wifo3-02 kernel: [    2.478555] ixgbe 0000:04:00.0: irq 77 for MSI/MSI-X
Jul 28 10:39:41 wifo3-02 kernel: [    2.478563] ixgbe 0000:04:00.0: irq 78 for MSI/MSI-X
Jul 28 10:39:41 wifo3-02 kernel: [    2.478570] ixgbe 0000:04:00.0: irq 79 for MSI/MSI-X
Jul 28 10:39:41 wifo3-02 kernel: [    2.478578] ixgbe 0000:04:00.0: irq 80 for MSI/MSI-X
Jul 28 10:39:41 wifo3-02 kernel: [    2.478586] ixgbe 0000:04:00.0: irq 81 for MSI/MSI-X
Jul 28 10:39:41 wifo3-02 kernel: [    2.478594] ixgbe 0000:04:00.0: irq 82 for MSI/MSI-X
Jul 28 10:39:41 wifo3-02 kernel: [    2.478601] ixgbe 0000:04:00.0: irq 83 for MSI/MSI-X
Jul 28 10:39:41 wifo3-02 kernel: [    2.478608] ixgbe 0000:04:00.0: irq 84 for MSI/MSI-X
Jul 28 10:39:41 wifo3-02 kernel: [    2.478616] ixgbe 0000:04:00.0: irq 85 for MSI/MSI-X
Jul 28 10:39:41 wifo3-02 kernel: [    2.478668] ixgbe 0000:04:00.0: Multiqueue Enabled: Rx Queue count = 12, Tx Queue count = 12
Jul 28 10:39:41 wifo3-02 kernel: [    2.508591] ata5: SATA link up 6.0 Gbps (SStatus 133 SControl 300)
Jul 28 10:39:41 wifo3-02 kernel: [    2.508975] usb 1-1: New USB device found, idVendor=8087, idProduct=800a
Jul 28 10:39:41 wifo3-02 kernel: [    2.508981] usb 1-1: New USB device strings: Mfr=0, Product=0, SerialNumber=0
Jul 28 10:39:41 wifo3-02 kernel: [    2.509164] ata5.00: ATA-9: WDC WD40EFRX-68WT0N0, 82.00A82, max UDMA/133
Jul 28 10:39:41 wifo3-02 kernel: [    2.509168] ata5.00: 7814037168 sectors, multi 16: LBA48 NCQ (depth 31/32), AA
Jul 28 10:39:41 wifo3-02 kernel: [    2.509306] hub 1-1:1.0: USB hub found
Jul 28 10:39:41 wifo3-02 kernel: [    2.509354] hub 1-1:1.0: 6 ports detected
Jul 28 10:39:41 wifo3-02 kernel: [    2.509784] ata5.00: configured for UDMA/133
Jul 28 10:39:41 wifo3-02 kernel: [    2.539088] ixgbe 0000:04:00.0: PCI Express bandwidth of 32GT/s available
Jul 28 10:39:41 wifo3-02 kernel: [    2.539093] ixgbe 0000:04:00.0: (Speed:5.0GT/s, Width: x8, Encoding Loss:20%)
Jul 28 10:39:41 wifo3-02 kernel: [    2.579445] ixgbe 0000:04:00.0: MAC: 3, PHY: 3, PBA No: 030C00-000
Jul 28 10:39:41 wifo3-02 kernel: [    2.579450] ixgbe 0000:04:00.0: 0c:c4:7a:34:cc:6a
Jul 28 10:39:41 wifo3-02 kernel: [    2.620700] usb 2-1: new high-speed USB device number 2 using ehci-pci
Jul 28 10:39:41 wifo3-02 kernel: [    2.725406] ixgbe 0000:04:00.0: Intel(R) 10 Gigabit Network Connection
Jul 28 10:39:41 wifo3-02 kernel: [    2.753166] usb 2-1: New USB device found, idVendor=8087, idProduct=8002
Jul 28 10:39:41 wifo3-02 kernel: [    2.753171] usb 2-1: New USB device strings: Mfr=0, Product=0, SerialNumber=0
Jul 28 10:39:41 wifo3-02 kernel: [    2.753489] hub 2-1:1.0: USB hub found
Jul 28 10:39:41 wifo3-02 kernel: [    2.753545] hub 2-1:1.0: 8 ports detected
Jul 28 10:39:41 wifo3-02 kernel: [    2.788791] ata2: SATA link up 6.0 Gbps (SStatus 133 SControl 300)
Jul 28 10:39:41 wifo3-02 kernel: [    2.789372] ata2.00: ATA-9: WDC WD40EFRX-68WT0N0, 82.00A82, max UDMA/133
Jul 28 10:39:41 wifo3-02 kernel: [    2.789378] ata2.00: 7814037168 sectors, multi 16: LBA48 NCQ (depth 31/32), AA
Jul 28 10:39:41 wifo3-02 kernel: [    2.789972] ata2.00: configured for UDMA/133
Jul 28 10:39:41 wifo3-02 kernel: [    2.790198] scsi 1:0:0:0: Direct-Access     ATA      WDC WD40EFRX-68W 0A82 PQ: 0 ANSI: 5
Jul 28 10:39:41 wifo3-02 kernel: [    2.889010] Switched to clocksource tsc
Jul 28 10:39:41 wifo3-02 kernel: [    2.920928] usb 3-11: new low-speed USB device number 2 using xhci_hcd
Jul 28 10:39:41 wifo3-02 kernel: [    3.109053] ata3: SATA link up 6.0 Gbps (SStatus 133 SControl 300)
Jul 28 10:39:41 wifo3-02 kernel: [    3.109613] ata3.00: ATA-9: WDC WD40EFRX-68WT0N0, 82.00A82, max UDMA/133
Jul 28 10:39:41 wifo3-02 kernel: [    3.109619] ata3.00: 7814037168 sectors, multi 16: LBA48 NCQ (depth 31/32), AA
Jul 28 10:39:41 wifo3-02 kernel: [    3.110172] ata3.00: configured for UDMA/133
Jul 28 10:39:41 wifo3-02 kernel: [    3.110323] scsi 2:0:0:0: Direct-Access     ATA      WDC WD40EFRX-68W 0A82 PQ: 0 ANSI: 5
Jul 28 10:39:41 wifo3-02 kernel: [    3.114697] usb 3-11: New USB device found, idVendor=0bf8, idProduct=101e
Jul 28 10:39:41 wifo3-02 kernel: [    3.114702] usb 3-11: New USB device strings: Mfr=1, Product=2, SerialNumber=0
Jul 28 10:39:41 wifo3-02 kernel: [    3.114705] usb 3-11: Product: Fujitsu Keyboard
Jul 28 10:39:41 wifo3-02 kernel: [    3.114707] usb 3-11: Manufacturer: Fujitsu Technology Solutions GmbH
Jul 28 10:39:41 wifo3-02 kernel: [    3.114860] usb 3-11: ep 0x81 - rounding interval to 64 microframes, ep desc says 80 microframes
Jul 28 10:39:41 wifo3-02 kernel: [    3.114865] usb 3-11: ep 0x82 - rounding interval to 64 microframes, ep desc says 80 microframes
Jul 28 10:39:41 wifo3-02 kernel: [    3.116607] hidraw: raw HID events driver (C) Jiri Kosina
Jul 28 10:39:41 wifo3-02 kernel: [    3.126894] usbcore: registered new interface driver usbhid
Jul 28 10:39:41 wifo3-02 kernel: [    3.126897] usbhid: USB HID core driver
Jul 28 10:39:41 wifo3-02 kernel: [    3.127719] input: Fujitsu Technology Solutions GmbH Fujitsu Keyboard as /devices/pci0000:00/0000:00:14.0/usb3/3-11/3-11:1.0/0003:0BF8:101E.0001/input/input0
Jul 28 10:39:41 wifo3-02 kernel: [    3.127791] hid-generic 0003:0BF8:101E.0001: input,hidraw0: USB HID v1.10 Keyboard [Fujitsu Technology Solutions GmbH Fujitsu Keyboard] on usb-0000:00:14.0-11/input0
Jul 28 10:39:41 wifo3-02 kernel: [    3.129040] input: Fujitsu Technology Solutions GmbH Fujitsu Keyboard as /devices/pci0000:00/0000:00:14.0/usb3/3-11/3-11:1.1/0003:0BF8:101E.0002/input/input1
Jul 28 10:39:41 wifo3-02 kernel: [    3.129195] hid-generic 0003:0BF8:101E.0002: input,hiddev0,hidraw1: USB HID v1.10 Device [Fujitsu Technology Solutions GmbH Fujitsu Keyboard] on usb-0000:00:14.0-11/input1
Jul 28 10:39:41 wifo3-02 kernel: [    3.155439] ixgbe 0000:04:00.1: irq 86 for MSI/MSI-X
Jul 28 10:39:41 wifo3-02 kernel: [    3.155450] ixgbe 0000:04:00.1: irq 87 for MSI/MSI-X
Jul 28 10:39:41 wifo3-02 kernel: [    3.155459] ixgbe 0000:04:00.1: irq 88 for MSI/MSI-X
Jul 28 10:39:41 wifo3-02 kernel: [    3.155467] ixgbe 0000:04:00.1: irq 89 for MSI/MSI-X
Jul 28 10:39:41 wifo3-02 kernel: [    3.155475] ixgbe 0000:04:00.1: irq 90 for MSI/MSI-X
Jul 28 10:39:41 wifo3-02 kernel: [    3.155482] ixgbe 0000:04:00.1: irq 91 for MSI/MSI-X
Jul 28 10:39:41 wifo3-02 kernel: [    3.155490] ixgbe 0000:04:00.1: irq 92 for MSI/MSI-X
Jul 28 10:39:41 wifo3-02 kernel: [    3.155498] ixgbe 0000:04:00.1: irq 93 for MSI/MSI-X
Jul 28 10:39:41 wifo3-02 kernel: [    3.155506] ixgbe 0000:04:00.1: irq 94 for MSI/MSI-X
Jul 28 10:39:41 wifo3-02 kernel: [    3.155513] ixgbe 0000:04:00.1: irq 95 for MSI/MSI-X
Jul 28 10:39:41 wifo3-02 kernel: [    3.155521] ixgbe 0000:04:00.1: irq 96 for MSI/MSI-X
Jul 28 10:39:41 wifo3-02 kernel: [    3.155528] ixgbe 0000:04:00.1: irq 97 for MSI/MSI-X
Jul 28 10:39:41 wifo3-02 kernel: [    3.155536] ixgbe 0000:04:00.1: irq 98 for MSI/MSI-X
Jul 28 10:39:41 wifo3-02 kernel: [    3.155586] ixgbe 0000:04:00.1: Multiqueue Enabled: Rx Queue count = 12, Tx Queue count = 12
Jul 28 10:39:41 wifo3-02 kernel: [    3.215923] ixgbe 0000:04:00.1: PCI Express bandwidth of 32GT/s available
Jul 28 10:39:41 wifo3-02 kernel: [    3.215928] ixgbe 0000:04:00.1: (Speed:5.0GT/s, Width: x8, Encoding Loss:20%)
Jul 28 10:39:41 wifo3-02 kernel: [    3.255267] ixgbe 0000:04:00.1: MAC: 3, PHY: 3, PBA No: 030C00-000
Jul 28 10:39:41 wifo3-02 kernel: [    3.255272] ixgbe 0000:04:00.1: 0c:c4:7a:34:cc:6b
Jul 28 10:39:41 wifo3-02 kernel: [    3.281190] usb 3-14: new high-speed USB device number 3 using xhci_hcd
Jul 28 10:39:41 wifo3-02 kernel: [    3.400855] ixgbe 0000:04:00.1: Intel(R) 10 Gigabit Network Connection
Jul 28 10:39:41 wifo3-02 kernel: [    3.409426] usb 3-14: New USB device found, idVendor=0557, idProduct=7000
Jul 28 10:39:41 wifo3-02 kernel: [    3.409431] usb 3-14: New USB device strings: Mfr=0, Product=0, SerialNumber=0
Jul 28 10:39:41 wifo3-02 kernel: [    3.409986] hub 3-14:1.0: USB hub found
Jul 28 10:39:41 wifo3-02 kernel: [    3.410086] hub 3-14:1.0: 4 ports detected
Jul 28 10:39:41 wifo3-02 kernel: [    3.429259] ata4: SATA link up 6.0 Gbps (SStatus 133 SControl 300)
Jul 28 10:39:41 wifo3-02 kernel: [    3.429819] ata4.00: ATA-9: WDC WD40EFRX-68WT0N0, 82.00A82, max UDMA/133
Jul 28 10:39:41 wifo3-02 kernel: [    3.429826] ata4.00: 7814037168 sectors, multi 16: LBA48 NCQ (depth 31/32), AA
Jul 28 10:39:41 wifo3-02 kernel: [    3.430377] ata4.00: configured for UDMA/133
Jul 28 10:39:41 wifo3-02 kernel: [    3.430480] scsi 3:0:0:0: Direct-Access     ATA      WDC WD40EFRX-68W 0A82 PQ: 0 ANSI: 5
Jul 28 10:39:41 wifo3-02 kernel: [    3.430865] scsi 4:0:0:0: Direct-Access     ATA      WDC WD40EFRX-68W 0A82 PQ: 0 ANSI: 5
Jul 28 10:39:41 wifo3-02 kernel: [    3.432596] sd 0:0:0:0: [sda] 7814037168 512-byte logical blocks: (4.00 TB/3.63 TiB)
Jul 28 10:39:41 wifo3-02 kernel: [    3.432600] sd 0:0:0:0: [sda] 4096-byte physical blocks
Jul 28 10:39:41 wifo3-02 kernel: [    3.432628] sd 1:0:0:0: [sdb] 7814037168 512-byte logical blocks: (4.00 TB/3.63 TiB)
Jul 28 10:39:41 wifo3-02 kernel: [    3.432635] sd 1:0:0:0: [sdb] 4096-byte physical blocks
Jul 28 10:39:41 wifo3-02 kernel: [    3.432644] sd 2:0:0:0: [sdc] 7814037168 512-byte logical blocks: (4.00 TB/3.63 TiB)
Jul 28 10:39:41 wifo3-02 kernel: [    3.432649] sd 2:0:0:0: [sdc] 4096-byte physical blocks
Jul 28 10:39:41 wifo3-02 kernel: [    3.432694] sd 2:0:0:0: [sdc] Write Protect is off
Jul 28 10:39:41 wifo3-02 kernel: [    3.432697] sd 2:0:0:0: [sdc] Mode Sense: 00 3a 00 00
Jul 28 10:39:41 wifo3-02 kernel: [    3.432700] sd 1:0:0:0: [sdb] Write Protect is off
Jul 28 10:39:41 wifo3-02 kernel: [    3.432705] sd 1:0:0:0: [sdb] Mode Sense: 00 3a 00 00
Jul 28 10:39:41 wifo3-02 kernel: [    3.432707] sd 0:0:0:0: [sda] Write Protect is off
Jul 28 10:39:41 wifo3-02 kernel: [    3.432710] sd 3:0:0:0: [sdd] 7814037168 512-byte logical blocks: (4.00 TB/3.63 TiB)
Jul 28 10:39:41 wifo3-02 kernel: [    3.432712] sd 0:0:0:0: [sda] Mode Sense: 00 3a 00 00
Jul 28 10:39:41 wifo3-02 kernel: [    3.432715] sd 3:0:0:0: [sdd] 4096-byte physical blocks
Jul 28 10:39:41 wifo3-02 kernel: [    3.432717] sd 2:0:0:0: [sdc] Write cache: enabled, read cache: enabled, doesn't support DPO or FUA
Jul 28 10:39:41 wifo3-02 kernel: [    3.432734] sd 4:0:0:0: [sde] 7814037168 512-byte logical blocks: (4.00 TB/3.63 TiB)
Jul 28 10:39:41 wifo3-02 kernel: [    3.432737] sd 4:0:0:0: [sde] 4096-byte physical blocks
Jul 28 10:39:41 wifo3-02 kernel: [    3.432746] sd 0:0:0:0: [sda] Write cache: enabled, read cache: enabled, doesn't support DPO or FUA
Jul 28 10:39:41 wifo3-02 kernel: [    3.432751] sd 1:0:0:0: [sdb] Write cache: enabled, read cache: enabled, doesn't support DPO or FUA
Jul 28 10:39:41 wifo3-02 kernel: [    3.432798] sd 3:0:0:0: [sdd] Write Protect is off
Jul 28 10:39:41 wifo3-02 kernel: [    3.432803] sd 3:0:0:0: [sdd] Mode Sense: 00 3a 00 00
Jul 28 10:39:41 wifo3-02 kernel: [    3.432841] sd 4:0:0:0: [sde] Write Protect is off
Jul 28 10:39:41 wifo3-02 kernel: [    3.432847] sd 4:0:0:0: [sde] Mode Sense: 00 3a 00 00
Jul 28 10:39:41 wifo3-02 kernel: [    3.432861] sd 3:0:0:0: [sdd] Write cache: enabled, read cache: enabled, doesn't support DPO or FUA
Jul 28 10:39:41 wifo3-02 kernel: [    3.432995] sd 4:0:0:0: [sde] Write cache: enabled, read cache: enabled, doesn't support DPO or FUA
Jul 28 10:39:41 wifo3-02 kernel: [    3.473351]  sda: sda1
Jul 28 10:39:41 wifo3-02 kernel: [    3.473757] sd 0:0:0:0: [sda] Attached SCSI disk
Jul 28 10:39:41 wifo3-02 kernel: [    3.478979]  sdd: sdd1
Jul 28 10:39:41 wifo3-02 kernel: [    3.479428] sd 3:0:0:0: [sdd] Attached SCSI disk
Jul 28 10:39:41 wifo3-02 kernel: [    3.480901]  sdc: sdc1
Jul 28 10:39:41 wifo3-02 kernel: [    3.481138] sd 2:0:0:0: [sdc] Attached SCSI disk
Jul 28 10:39:41 wifo3-02 kernel: [    3.482564]  sdb: sdb1
Jul 28 10:39:41 wifo3-02 kernel: [    3.482861] sd 1:0:0:0: [sdb] Attached SCSI disk
Jul 28 10:39:41 wifo3-02 kernel: [    3.484842]  sde: sde1
Jul 28 10:39:41 wifo3-02 kernel: [    3.485334] sd 4:0:0:0: [sde] Attached SCSI disk
Jul 28 10:39:41 wifo3-02 kernel: [    3.701531] usb 3-14.1: new low-speed USB device number 4 using xhci_hcd
Jul 28 10:39:41 wifo3-02 kernel: [    3.749490] ata6: SATA link up 6.0 Gbps (SStatus 133 SControl 300)
Jul 28 10:39:41 wifo3-02 kernel: [    3.750050] ata6.00: ATA-9: WDC WD40EFRX-68WT0N0, 82.00A82, max UDMA/133
Jul 28 10:39:41 wifo3-02 kernel: [    3.750055] ata6.00: 7814037168 sectors, multi 16: LBA48 NCQ (depth 31/32), AA
Jul 28 10:39:41 wifo3-02 kernel: [    3.750638] ata6.00: configured for UDMA/133
Jul 28 10:39:41 wifo3-02 kernel: [    3.750856] scsi 5:0:0:0: Direct-Access     ATA      WDC WD40EFRX-68W 0A82 PQ: 0 ANSI: 5
Jul 28 10:39:41 wifo3-02 kernel: [    3.751253] sd 5:0:0:0: [sdf] 7814037168 512-byte logical blocks: (4.00 TB/3.63 TiB)
Jul 28 10:39:41 wifo3-02 kernel: [    3.751258] sd 5:0:0:0: [sdf] 4096-byte physical blocks
Jul 28 10:39:41 wifo3-02 kernel: [    3.751365] sd 5:0:0:0: [sdf] Write Protect is off
Jul 28 10:39:41 wifo3-02 kernel: [    3.751370] sd 5:0:0:0: [sdf] Mode Sense: 00 3a 00 00
Jul 28 10:39:41 wifo3-02 kernel: [    3.751414] sd 5:0:0:0: [sdf] Write cache: enabled, read cache: enabled, doesn't support DPO or FUA
Jul 28 10:39:41 wifo3-02 kernel: [    3.752090] sd 0:0:0:0: Attached scsi generic sg0 type 0
Jul 28 10:39:41 wifo3-02 kernel: [    3.752148] sd 1:0:0:0: Attached scsi generic sg1 type 0
Jul 28 10:39:41 wifo3-02 kernel: [    3.752199] sd 2:0:0:0: Attached scsi generic sg2 type 0
Jul 28 10:39:41 wifo3-02 kernel: [    3.752243] sd 3:0:0:0: Attached scsi generic sg3 type 0
Jul 28 10:39:41 wifo3-02 kernel: [    3.752291] sd 4:0:0:0: Attached scsi generic sg4 type 0
Jul 28 10:39:41 wifo3-02 kernel: [    3.752338] sd 5:0:0:0: Attached scsi generic sg5 type 0
Jul 28 10:39:41 wifo3-02 kernel: [    3.791518]  sdf: sdf1
Jul 28 10:39:41 wifo3-02 kernel: [    3.791857] sd 5:0:0:0: [sdf] Attached SCSI disk
Jul 28 10:39:41 wifo3-02 kernel: [    3.817886] usb 3-14.1: New USB device found, idVendor=0557, idProduct=2419
Jul 28 10:39:41 wifo3-02 kernel: [    3.817891] usb 3-14.1: New USB device strings: Mfr=0, Product=0, SerialNumber=0
Jul 28 10:39:41 wifo3-02 kernel: [    3.817993] usb 3-14.1: ep 0x81 - rounding interval to 64 microframes, ep desc says 80 microframes
Jul 28 10:39:41 wifo3-02 kernel: [    3.817997] usb 3-14.1: ep 0x82 - rounding interval to 32 microframes, ep desc says 40 microframes
Jul 28 10:39:41 wifo3-02 kernel: [    3.819027] input: HID 0557:2419 as /devices/pci0000:00/0000:00:14.0/usb3/3-14/3-14.1/3-14.1:1.0/0003:0557:2419.0003/input/input2
Jul 28 10:39:41 wifo3-02 kernel: [    3.819098] hid-generic 0003:0557:2419.0003: input,hidraw2: USB HID v1.00 Keyboard [HID 0557:2419] on usb-0000:00:14.0-14.1/input0
Jul 28 10:39:41 wifo3-02 kernel: [    3.821736] input: HID 0557:2419 as /devices/pci0000:00/0000:00:14.0/usb3/3-14/3-14.1/3-14.1:1.1/0003:0557:2419.0004/input/input3
Jul 28 10:39:41 wifo3-02 kernel: [    3.821837] hid-generic 0003:0557:2419.0004: input,hidraw3: USB HID v1.00 Mouse [HID 0557:2419] on usb-0000:00:14.0-14.1/input1
Jul 28 10:39:41 wifo3-02 kernel: [    4.069761] ata7: SATA link up 6.0 Gbps (SStatus 133 SControl 300)
Jul 28 10:39:41 wifo3-02 kernel: [    4.070314] ata7.00: ATA-9: WDC WD40EFRX-68WT0N0, 82.00A82, max UDMA/133
Jul 28 10:39:41 wifo3-02 kernel: [    4.070319] ata7.00: 7814037168 sectors, multi 16: LBA48 NCQ (depth 31/32), AA
Jul 28 10:39:41 wifo3-02 kernel: [    4.070873] ata7.00: configured for UDMA/133
Jul 28 10:39:41 wifo3-02 kernel: [    4.071009] scsi 6:0:0:0: Direct-Access     ATA      WDC WD40EFRX-68W 0A82 PQ: 0 ANSI: 5
Jul 28 10:39:41 wifo3-02 kernel: [    4.071370] sd 6:0:0:0: [sdg] 7814037168 512-byte logical blocks: (4.00 TB/3.63 TiB)
Jul 28 10:39:41 wifo3-02 kernel: [    4.071371] sd 6:0:0:0: Attached scsi generic sg6 type 0
Jul 28 10:39:41 wifo3-02 kernel: [    4.071377] sd 6:0:0:0: [sdg] 4096-byte physical blocks
Jul 28 10:39:41 wifo3-02 kernel: [    4.071460] sd 6:0:0:0: [sdg] Write Protect is off
Jul 28 10:39:41 wifo3-02 kernel: [    4.071465] sd 6:0:0:0: [sdg] Mode Sense: 00 3a 00 00
Jul 28 10:39:41 wifo3-02 kernel: [    4.071512] sd 6:0:0:0: [sdg] Write cache: enabled, read cache: enabled, doesn't support DPO or FUA
Jul 28 10:39:41 wifo3-02 kernel: [    4.124784]  sdg: sdg1
Jul 28 10:39:41 wifo3-02 kernel: [    4.125278] sd 6:0:0:0: [sdg] Attached SCSI disk
Jul 28 10:39:41 wifo3-02 kernel: [    4.390029] ata8: SATA link up 6.0 Gbps (SStatus 133 SControl 300)
Jul 28 10:39:41 wifo3-02 kernel: [    4.390612] ata8.00: ATA-9: WDC WD40EFRX-68WT0N0, 82.00A82, max UDMA/133
Jul 28 10:39:41 wifo3-02 kernel: [    4.390617] ata8.00: 7814037168 sectors, multi 16: LBA48 NCQ (depth 31/32), AA
Jul 28 10:39:41 wifo3-02 kernel: [    4.391228] ata8.00: configured for UDMA/133
